 Image itlcontrolpanelstack-identity-provider Building 
 Image itlcontrolpanelstack-api-gateway Building 
 Image itlcontrolpanelstack-dashboard Building 
 Image itlcontrolpanelstack-core-provider Building 
#1 [internal] load local bake definitions
#1 reading from stdin 2.02kB done
#1 DONE 0.0s

#2 [core-provider internal] load build definition from Dockerfile
#2 transferring dockerfile: 2.18kB 0.1s done
#2 DONE 0.1s

#3 [api-gateway internal] load build definition from Dockerfile
#3 transferring dockerfile: 1.92kB 0.1s done
#3 DONE 0.2s

#4 [dashboard internal] load build definition from Dockerfile
#4 transferring dockerfile: 604B 0.0s done
#4 DONE 0.1s

#5 [auth] library/python:pull token for registry-1.docker.io
#5 DONE 0.0s

#6 [identity-provider internal] load build definition from Dockerfile
#6 transferring dockerfile: 892B 0.0s done
#6 DONE 0.2s

#7 [api-gateway internal] load metadata for docker.io/library/python:3.11-alpine
#7 DONE 1.8s

#8 [dashboard internal] load .dockerignore
#8 transferring context: 2B 0.0s done
#8 DONE 0.1s

#9 [dashboard internal] load build context
#9 DONE 0.0s

#10 [dashboard  1/11] FROM docker.io/library/python:3.11-alpine@sha256:303398d5c9f110790bce60d64f902e51e1a061e33292985c72bf6cd07960bf09
#10 resolve docker.io/library/python:3.11-alpine@sha256:303398d5c9f110790bce60d64f902e51e1a061e33292985c72bf6cd07960bf09 0.0s done
#10 DONE 0.0s

#11 [identity-provider internal] load .dockerignore
#11 transferring context: 2B 0.3s done
#11 DONE 0.3s

#10 [identity-provider  1/11] FROM docker.io/library/python:3.11-alpine@sha256:303398d5c9f110790bce60d64f902e51e1a061e33292985c72bf6cd07960bf09
#10 resolve docker.io/library/python:3.11-alpine@sha256:303398d5c9f110790bce60d64f902e51e1a061e33292985c72bf6cd07960bf09 0.0s done
#10 ...

#9 [dashboard internal] load build context
#9 transferring context: 720.89kB 0.2s done
#9 DONE 0.3s

#10 [identity-provider  1/11] FROM docker.io/library/python:3.11-alpine@sha256:303398d5c9f110790bce60d64f902e51e1a061e33292985c72bf6cd07960bf09
#10 sha256:fa340e77c3361ba75d12b0cf1ebf4be40465ef37250c57ae647b5cde12d890b7 0B / 247B 0.2s
#10 sha256:6dafe251d3131d84dde86c5a4fb9672beca30c86adaed314cde03077205b426d 0B / 16.02MB 0.2s
#10 sha256:aca07fe076f12b62834e15448c6ec1858845fe8029d75d7ba1d1f6e7940ee649 0B / 460.94kB 0.2s
#10 sha256:fa340e77c3361ba75d12b0cf1ebf4be40465ef37250c57ae647b5cde12d890b7 247B / 247B 0.2s done
#10 sha256:aca07fe076f12b62834e15448c6ec1858845fe8029d75d7ba1d1f6e7940ee649 460.94kB / 460.94kB 0.5s done
#10 extracting sha256:aca07fe076f12b62834e15448c6ec1858845fe8029d75d7ba1d1f6e7940ee649
#10 sha256:6dafe251d3131d84dde86c5a4fb9672beca30c86adaed314cde03077205b426d 5.24MB / 16.02MB 0.6s
#10 extracting sha256:aca07fe076f12b62834e15448c6ec1858845fe8029d75d7ba1d1f6e7940ee649 0.1s done
#10 sha256:6dafe251d3131d84dde86c5a4fb9672beca30c86adaed314cde03077205b426d 7.34MB / 16.02MB 0.8s
#10 sha256:6dafe251d3131d84dde86c5a4fb9672beca30c86adaed314cde03077205b426d 9.44MB / 16.02MB 0.9s
#10 sha256:6dafe251d3131d84dde86c5a4fb9672beca30c86adaed314cde03077205b426d 11.53MB / 16.02MB 1.1s
#10 sha256:6dafe251d3131d84dde86c5a4fb9672beca30c86adaed314cde03077205b426d 12.58MB / 16.02MB 1.2s
#10 sha256:6dafe251d3131d84dde86c5a4fb9672beca30c86adaed314cde03077205b426d 16.02MB / 16.02MB 1.3s done
#10 extracting sha256:6dafe251d3131d84dde86c5a4fb9672beca30c86adaed314cde03077205b426d
#10 extracting sha256:6dafe251d3131d84dde86c5a4fb9672beca30c86adaed314cde03077205b426d 0.5s done
#10 extracting sha256:fa340e77c3361ba75d12b0cf1ebf4be40465ef37250c57ae647b5cde12d890b7
#10 extracting sha256:fa340e77c3361ba75d12b0cf1ebf4be40465ef37250c57ae647b5cde12d890b7 0.0s done
#10 DONE 2.0s

#12 [identity-provider  2/11] WORKDIR /app
#12 DONE 0.1s

#13 [core-provider base 3/3] RUN apk add --no-cache     gcc     musl-dev     curl     git
#13 ...

#14 [identity-provider internal] load build context
#14 transferring context: 1.90MB 1.9s done
#14 DONE 2.1s

#15 [core-provider internal] load build context
#15 ...

#16 [api-gateway internal] load build context
#16 transferring context: 5.52MB 2.9s done
#16 DONE 3.0s

#13 [core-provider base 3/3] RUN apk add --no-cache     gcc     musl-dev     curl     git
#13 1.051 ( 1/26) Installing brotli-libs (1.2.0-r0)
#13 1.086 ( 2/26) Installing c-ares (1.34.6-r0)
#13 1.106 ( 3/26) Installing libunistring (1.4.1-r0)
#13 1.154 ( 4/26) Installing libidn2 (2.3.8-r0)
#13 1.175 ( 5/26) Installing nghttp2-libs (1.68.0-r0)
#13 1.201 ( 6/26) Installing nghttp3 (1.13.1-r0)
#13 1.215 ( 7/26) Installing libpsl (0.21.5-r3)
#13 1.227 ( 8/26) Installing zstd-libs (1.5.7-r2)
#13 ...

#15 [core-provider internal] load build context
#15 transferring context: 218.68kB 3.2s done
#15 DONE 3.2s

#17 [identity-provider  3/12] RUN apk add --no-cache     curl
#17 0.988 ( 1/10) Installing brotli-libs (1.2.0-r0)
#17 1.012 ( 2/10) Installing c-ares (1.34.6-r0)
#17 1.025 ( 3/10) Installing libunistring (1.4.1-r0)
#17 1.071 ( 4/10) Installing libidn2 (2.3.8-r0)
#17 1.090 ( 5/10) Installing nghttp2-libs (1.68.0-r0)
#17 1.104 ( 6/10) Installing nghttp3 (1.13.1-r0)
#17 1.120 ( 7/10) Installing libpsl (0.21.5-r3)
#17 1.136 ( 8/10) Installing zstd-libs (1.5.7-r2)
#17 1.168 ( 9/10) Installing libcurl (8.17.0-r1)
#17 1.216 (10/10) Installing curl (8.17.0-r1)
#17 1.236 Executing busybox-1.37.0-r30.trigger
#17 1.242 OK: 18.6 MiB in 48 packages
#17 DONE 1.3s

#13 [core-provider base 3/3] RUN apk add --no-cache     gcc     musl-dev     curl     git
#13 1.265 ( 9/26) Installing libcurl (8.17.0-r1)
#13 1.297 (10/26) Installing curl (8.17.0-r1)
#13 1.315 (11/26) Installing libgcc (15.2.0-r2)
#13 1.333 (12/26) Installing jansson (2.14.1-r0)
#13 ...

#18 [identity-provider  4/12] COPY ITL.ControlPanel.SDK/pyproject.toml /sdk/pyproject.toml
#18 DONE 0.1s

#19 [dashboard  3/11] RUN apk add --no-cache curl
#19 1.088 ( 1/10) Installing brotli-libs (1.2.0-r0)
#19 1.115 ( 2/10) Installing c-ares (1.34.6-r0)
#19 1.137 ( 3/10) Installing libunistring (1.4.1-r0)
#19 1.205 ( 4/10) Installing libidn2 (2.3.8-r0)
#19 1.218 ( 5/10) Installing nghttp2-libs (1.68.0-r0)
#19 1.233 ( 6/10) Installing nghttp3 (1.13.1-r0)
#19 1.243 ( 7/10) Installing libpsl (0.21.5-r3)
#19 1.255 ( 8/10) Installing zstd-libs (1.5.7-r2)
#19 1.286 ( 9/10) Installing libcurl (8.17.0-r1)
#19 1.315 (10/10) Installing curl (8.17.0-r1)
#19 1.335 Executing busybox-1.37.0-r30.trigger
#19 1.341 OK: 18.6 MiB in 48 packages
#19 DONE 1.4s

#13 [core-provider base 3/3] RUN apk add --no-cache     gcc     musl-dev     curl     git
#13 1.343 (13/26) Installing libstdc++ (15.2.0-r2)
#13 1.397 (14/26) Installing binutils (2.45.1-r0)
#13 ...

#20 [dashboard  4/11] COPY requirements.txt .
#20 DONE 0.1s

#21 [identity-provider  5/12] COPY ITL.ControlPanel.SDK/src /sdk/src
#21 DONE 0.2s

#13 [core-provider base 3/3] RUN apk add --no-cache     gcc     musl-dev     curl     git
#13 1.571 (15/26) Installing libgomp (15.2.0-r2)
#13 1.591 (16/26) Installing libatomic (15.2.0-r2)
#13 1.604 (17/26) Installing gmp (6.3.0-r4)
#13 1.621 (18/26) Installing isl26 (0.26-r1)
#13 1.677 (19/26) Installing mpfr4 (4.2.2-r0)
#13 1.701 (20/26) Installing mpc1 (1.3.1-r1)
#13 1.712 (21/26) Installing gcc (15.2.0-r2)
#13 3.509 (22/26) Installing libexpat (2.7.4-r0)
#13 3.523 (23/26) Installing pcre2 (10.47-r0)
#13 3.546 (24/26) Installing git (2.52.0-r0)
#13 3.766 (25/26) Installing git-init-template (2.52.0-r0)
#13 3.774 (26/26) Installing musl-dev (1.2.5-r21)
#13 3.960 Executing busybox-1.37.0-r30.trigger
#13 3.966 OK: 215.2 MiB in 64 packages
#13 DONE 4.1s

#22 [core-provider runtime  1/14] WORKDIR /app
#22 DONE 0.1s

#23 [core-provider builder 1/4] WORKDIR /build
#23 DONE 0.1s

#24 [dashboard  5/11] RUN pip install --no-cache-dir -r requirements.txt
#24 1.832 Collecting fastapi==0.109.2 (from -r requirements.txt (line 1))
#24 1.977   Downloading fastapi-0.109.2-py3-none-any.whl.metadata (25 kB)
#24 2.027 Collecting uvicorn==0.27.1 (from uvicorn[standard]==0.27.1->-r requirements.txt (line 2))
#24 2.045   Downloading uvicorn-0.27.1-py3-none-any.whl.metadata (6.3 kB)
#24 1.305 Collecting jinja2==3.1.3 (from -r requirements.txt (line 3))
#24 1.326   Downloading Jinja2-3.1.3-py3-none-any.whl.metadata (3.3 kB)
#24 0.150 Collecting httpx==0.26.0 (from -r requirements.txt (line 4))
#24 0.167   Downloading httpx-0.26.0-py3-none-any.whl.metadata (7.6 kB)
#24 0.191 Collecting loguru==0.7.2 (from -r requirements.txt (line 5))
#24 0.208   Downloading loguru-0.7.2-py3-none-any.whl.metadata (23 kB)
#24 0.240 Collecting python-multipart==0.0.9 (from -r requirements.txt (line 6))
#24 0.256   Downloading python_multipart-0.0.9-py3-none-any.whl.metadata (2.5 kB)
#24 0.286 Collecting docker==7.1.0 (from -r requirements.txt (line 7))
#24 0.301   Downloading docker-7.1.0-py3-none-any.whl.metadata (3.8 kB)
#24 0.336 Collecting kubernetes==29.0.0 (from -r requirements.txt (line 8))
#24 0.352   Downloading kubernetes-29.0.0-py2.py3-none-any.whl.metadata (1.5 kB)
#24 0.400 Collecting pyyaml==6.0.1 (from -r requirements.txt (line 9))
#24 0.417   Downloading PyYAML-6.0.1-cp311-cp311-musllinux_1_1_x86_64.whl.metadata (2.1 kB)
#24 0.438 Collecting itsdangerous==2.1.2 (from -r requirements.txt (line 10))
#24 0.456   Downloading itsdangerous-2.1.2-py3-none-any.whl.metadata (2.9 kB)
#24 0.493 Collecting starlette==0.36.3 (from starlette[full]==0.36.3->-r requirements.txt (line 11))
#24 0.503   Downloading starlette-0.36.3-py3-none-any.whl.metadata (5.9 kB)
#24 0.552 Collecting redis==5.0.1 (from redis[hiredis]==5.0.1->-r requirements.txt (line 12))
#24 0.573   Downloading redis-5.0.1-py3-none-any.whl.metadata (8.9 kB)
#24 0.720 Collecting pydantic!=1.8,!=1.8.1,!=2.0.0,!=2.0.1,!=2.1.0,<3.0.0,>=1.7.4 (from fastapi==0.109.2->-r requirements.txt (line 1))
#24 0.736   Downloading pydantic-2.12.5-py3-none-any.whl.metadata (90 kB)
#24 0.760      ━━━━━━━━━━━━━━━━━━━━━━━━━━━━━━━━━━━━━━━━ 90.6/90.6 kB 3.7 MB/s eta 0:00:00
#24 0.787 Collecting typing-extensions>=4.8.0 (from fastapi==0.109.2->-r requirements.txt (line 1))
#24 0.805   Downloading typing_extensions-4.15.0-py3-none-any.whl.metadata (3.3 kB)
#24 0.865 Collecting click>=7.0 (from uvicorn==0.27.1->uvicorn[standard]==0.27.1->-r requirements.txt (line 2))
#24 0.881   Downloading click-8.3.1-py3-none-any.whl.metadata (2.6 kB)
#24 0.897 Collecting h11>=0.8 (from uvicorn==0.27.1->uvicorn[standard]==0.27.1->-r requirements.txt (line 2))
#24 0.915   Downloading h11-0.16.0-py3-none-any.whl.metadata (8.3 kB)
#24 0.975 Collecting MarkupSafe>=2.0 (from jinja2==3.1.3->-r requirements.txt (line 3))
#24 0.990   Downloading markupsafe-3.0.3-cp311-cp311-musllinux_1_2_x86_64.whl.metadata (2.7 kB)
#24 1.025 Collecting anyio (from httpx==0.26.0->-r requirements.txt (line 4))
#24 1.047   Downloading anyio-4.12.1-py3-none-any.whl.metadata (4.3 kB)
#24 1.073 Collecting certifi (from httpx==0.26.0->-r requirements.txt (line 4))
#24 1.087   Downloading certifi-2026.1.4-py3-none-any.whl.metadata (2.5 kB)
#24 1.124 Collecting httpcore==1.* (from httpx==0.26.0->-r requirements.txt (line 4))
#24 1.143   Downloading httpcore-1.0.9-py3-none-any.whl.metadata (21 kB)
#24 1.166 Collecting idna (from httpx==0.26.0->-r requirements.txt (line 4))
#24 1.184   Downloading idna-3.11-py3-none-any.whl.metadata (8.4 kB)
#24 1.204 Collecting sniffio (from httpx==0.26.0->-r requirements.txt (line 4))
#24 1.223   Downloading sniffio-1.3.1-py3-none-any.whl.metadata (3.9 kB)
#24 1.293 Collecting requests>=2.26.0 (from docker==7.1.0->-r requirements.txt (line 7))
#24 1.312   Downloading requests-2.32.5-py3-none-any.whl.metadata (4.9 kB)
#24 1.374 Collecting urllib3>=1.26.0 (from docker==7.1.0->-r requirements.txt (line 7))
#24 1.393   Downloading urllib3-2.6.3-py3-none-any.whl.metadata (6.9 kB)
#24 1.424 Collecting six>=1.9.0 (from kubernetes==29.0.0->-r requirements.txt (line 8))
#24 1.440   Downloading six-1.17.0-py2.py3-none-any.whl.metadata (1.7 kB)
#24 1.464 Collecting python-dateutil>=2.5.3 (from kubernetes==29.0.0->-r requirements.txt (line 8))
#24 1.483   Downloading python_dateutil-2.9.0.post0-py2.py3-none-any.whl.metadata (8.4 kB)
#24 1.550 Collecting google-auth>=1.0.1 (from kubernetes==29.0.0->-r requirements.txt (line 8))
#24 1.570   Downloading google_auth-2.48.0-py3-none-any.whl.metadata (6.2 kB)
#24 1.605 Collecting websocket-client!=0.40.0,!=0.41.*,!=0.42.*,>=0.32.0 (from kubernetes==29.0.0->-r requirements.txt (line 8))
#24 1.627   Downloading websocket_client-1.9.0-py3-none-any.whl.metadata (8.3 kB)
#24 1.648 Collecting requests-oauthlib (from kubernetes==29.0.0->-r requirements.txt (line 8))
#24 1.666   Downloading requests_oauthlib-2.0.0-py2.py3-none-any.whl.metadata (11 kB)
#24 1.691 Collecting oauthlib>=3.2.2 (from kubernetes==29.0.0->-r requirements.txt (line 8))
#24 1.707   Downloading oauthlib-3.3.1-py3-none-any.whl.metadata (7.9 kB)
#24 1.847 Collecting hiredis>=1.0.0 (from redis[hiredis]==5.0.1->-r requirements.txt (line 12))
#24 1.973   Downloading hiredis-3.3.0-cp311-cp311-musllinux_1_2_x86_64.whl.metadata (7.5 kB)
#24 2.025 Collecting httptools>=0.5.0 (from uvicorn[standard]==0.27.1->-r requirements.txt (line 2))
#24 2.040   Downloading httptools-0.7.1-cp311-cp311-musllinux_1_2_x86_64.whl.metadata (3.5 kB)
#24 2.067 Collecting python-dotenv>=0.13 (from uvicorn[standard]==0.27.1->-r requirements.txt (line 2))
#24 2.086   Downloading python_dotenv-1.2.1-py3-none-any.whl.metadata (25 kB)
#24 2.141 Collecting uvloop!=0.15.0,!=0.15.1,>=0.14.0 (from uvicorn[standard]==0.27.1->-r requirements.txt (line 2))
#24 2.154   Downloading uvloop-0.22.1-cp311-cp311-musllinux_1_2_x86_64.whl.metadata (4.9 kB)
#24 2.238 Collecting watchfiles>=0.13 (from uvicorn[standard]==0.27.1->-r requirements.txt (line 2))
#24 2.259   Downloading watchfiles-1.1.1-cp311-cp311-musllinux_1_1_x86_64.whl.metadata (4.9 kB)
#24 2.353 Collecting websockets>=10.4 (from uvicorn[standard]==0.27.1->-r requirements.txt (line 2))
#24 2.362   Downloading websockets-16.0-cp311-cp311-musllinux_1_2_x86_64.whl.metadata (6.8 kB)
#24 2.413 Collecting pyasn1-modules>=0.2.1 (from google-auth>=1.0.1->kubernetes==29.0.0->-r requirements.txt (line 8))
#24 2.421   Downloading pyasn1_modules-0.4.2-py3-none-any.whl.metadata (3.5 kB)
#24 2.636 Collecting cryptography>=38.0.3 (from google-auth>=1.0.1->kubernetes==29.0.0->-r requirements.txt (line 8))
#24 2.646   Downloading cryptography-46.0.5-cp311-abi3-musllinux_1_2_x86_64.whl.metadata (5.7 kB)
#24 2.666 Collecting rsa<5,>=3.1.4 (from google-auth>=1.0.1->kubernetes==29.0.0->-r requirements.txt (line 8))
#24 2.677   Downloading rsa-4.9.1-py3-none-any.whl.metadata (5.6 kB)
#24 2.708 Collecting annotated-types>=0.6.0 (from pydantic!=1.8,!=1.8.1,!=2.0.0,!=2.0.1,!=2.1.0,<3.0.0,>=1.7.4->fastapi==0.109.2->-r requirements.txt (line 1))
#24 2.721   Downloading annotated_types-0.7.0-py3-none-any.whl.metadata (15 kB)
#24 ...

#25 [core-provider builder 2/4] COPY ITL.ControlPanel.SDK/ ./ITL.ControlPanel.SDK/
#25 DONE 0.2s

#26 [core-provider builder 3/4] COPY ITL.ControlPlane.ResourceProvider.Core/core-provider/requirements.txt ./core-requirements.txt
#26 DONE 0.1s

#27 [identity-provider  6/12] RUN pip install --no-cache-dir -e "/sdk[all]"
#27 1.661 Obtaining file:///sdk
#27 1.663   Installing build dependencies: started
#27 1.202   Installing build dependencies: finished with status 'done'
#27 1.202   Checking if build backend supports build_editable: started
#27 1.319   Checking if build backend supports build_editable: finished with status 'done'
#27 1.320   Getting requirements to build editable: started
#27 1.531   Getting requirements to build editable: finished with status 'done'
#27 1.533   Preparing editable metadata (pyproject.toml): started
#27 1.696   Preparing editable metadata (pyproject.toml): finished with status 'done'
#27 1.891 Collecting pydantic<3.0.0,>=2.0.0 (from itl-controlplane-sdk==1.0.0)
#27 1.951   Downloading pydantic-2.12.5-py3-none-any.whl.metadata (90 kB)
#27 1.973      ━━━━━━━━━━━━━━━━━━━━━━━━━━━━━━━━━━━━━━━━ 90.6/90.6 kB 4.5 MB/s eta 0:00:00
#27 2.004 Collecting typing-extensions>=4.0.0 (from itl-controlplane-sdk==1.0.0)
#27 2.014   Downloading typing_extensions-4.15.0-py3-none-any.whl.metadata (3.3 kB)
#27 2.040 Collecting pydantic-settings>=2.0.0 (from itl-controlplane-sdk==1.0.0)
#27 2.062   Downloading pydantic_settings-2.12.0-py3-none-any.whl.metadata (3.4 kB)
#27 2.094 Collecting prometheus-client>=0.17.0 (from itl-controlplane-sdk==1.0.0)
#27 2.124   Downloading prometheus_client-0.24.1-py3-none-any.whl.metadata (2.1 kB)
#27 2.173 Collecting annotated-types>=0.6.0 (from pydantic<3.0.0,>=2.0.0->itl-controlplane-sdk==1.0.0)
#27 2.186   Downloading annotated_types-0.7.0-py3-none-any.whl.metadata (15 kB)
#27 2.760 Collecting pydantic-core==2.41.5 (from pydantic<3.0.0,>=2.0.0->itl-controlplane-sdk==1.0.0)
#27 2.784   Downloading pydantic_core-2.41.5-cp311-cp311-musllinux_1_1_x86_64.whl.metadata (7.3 kB)
#27 2.804 Collecting typing-inspection>=0.4.2 (from pydantic<3.0.0,>=2.0.0->itl-controlplane-sdk==1.0.0)
#27 2.819   Downloading typing_inspection-0.4.2-py3-none-any.whl.metadata (2.6 kB)
#27 2.850 Collecting python-dotenv>=0.21.0 (from pydantic-settings>=2.0.0->itl-controlplane-sdk==1.0.0)
#27 2.859   Downloading python_dotenv-1.2.1-py3-none-any.whl.metadata (25 kB)
#27 2.903 Collecting email-validator>=2.0.0 (from itl-controlplane-sdk==1.0.0)
#27 2.918   Downloading email_validator-2.3.0-py3-none-any.whl.metadata (26 kB)
#27 2.985 Collecting fastapi>=0.104.0 (from itl-controlplane-sdk==1.0.0)
#27 2.993   Downloading fastapi-0.129.0-py3-none-any.whl.metadata (30 kB)
#27 3.027 Collecting uvicorn>=0.24.0 (from uvicorn[standard]>=0.24.0; extra == "fastapi"->itl-controlplane-sdk==1.0.0)
#27 3.037   Downloading uvicorn-0.40.0-py3-none-any.whl.metadata (6.7 kB)
#27 3.072 Collecting starlette>=0.27.0 (from itl-controlplane-sdk==1.0.0)
#27 3.087   Downloading starlette-0.52.1-py3-none-any.whl.metadata (6.3 kB)
#27 ...

#24 [dashboard  5/11] RUN pip install --no-cache-dir -r requirements.txt
#24 3.285 Collecting pydantic-core==2.41.5 (from pydantic!=1.8,!=1.8.1,!=2.0.0,!=2.0.1,!=2.1.0,<3.0.0,>=1.7.4->fastapi==0.109.2->-r requirements.txt (line 1))
#24 3.306   Downloading pydantic_core-2.41.5-cp311-cp311-musllinux_1_1_x86_64.whl.metadata (7.3 kB)
#24 3.321 Collecting typing-inspection>=0.4.2 (from pydantic!=1.8,!=1.8.1,!=2.0.0,!=2.0.1,!=2.1.0,<3.0.0,>=1.7.4->fastapi==0.109.2->-r requirements.txt (line 1))
#24 3.328   Downloading typing_inspection-0.4.2-py3-none-any.whl.metadata (2.6 kB)
#24 3.484 Collecting charset_normalizer<4,>=2 (from requests>=2.26.0->docker==7.1.0->-r requirements.txt (line 7))
#24 3.492   Downloading charset_normalizer-3.4.4-cp311-cp311-musllinux_1_2_x86_64.whl.metadata (37 kB)
#24 3.649 Collecting cffi>=2.0.0 (from cryptography>=38.0.3->google-auth>=1.0.1->kubernetes==29.0.0->-r requirements.txt (line 8))
#24 3.657   Downloading cffi-2.0.0-cp311-cp311-musllinux_1_2_x86_64.whl.metadata (2.6 kB)
#24 3.687 Collecting pyasn1<0.7.0,>=0.6.1 (from pyasn1-modules>=0.2.1->google-auth>=1.0.1->kubernetes==29.0.0->-r requirements.txt (line 8))
#24 3.698   Downloading pyasn1-0.6.2-py3-none-any.whl.metadata (8.4 kB)
#24 3.732 Collecting pycparser (from cffi>=2.0.0->cryptography>=38.0.3->google-auth>=1.0.1->kubernetes==29.0.0->-r requirements.txt (line 8))
#24 3.740   Downloading pycparser-3.0-py3-none-any.whl.metadata (8.2 kB)
#24 3.761 Downloading fastapi-0.109.2-py3-none-any.whl (92 kB)
#24 3.767    ━━━━━━━━━━━━━━━━━━━━━━━━━━━━━━━━━━━━━━━━ 92.1/92.1 kB 28.0 MB/s eta 0:00:00
#24 3.775 Downloading uvicorn-0.27.1-py3-none-any.whl (60 kB)
#24 3.781    ━━━━━━━━━━━━━━━━━━━━━━━━━━━━━━━━━━━━━━━━ 60.8/60.8 kB 13.7 MB/s eta 0:00:00
#24 3.793 Downloading Jinja2-3.1.3-py3-none-any.whl (133 kB)
#24 3.810    ━━━━━━━━━━━━━━━━━━━━━━━━━━━━━━━━━━━━━━━━ 133.2/133.2 kB 10.7 MB/s eta 0:00:00
#24 3.823 Downloading httpx-0.26.0-py3-none-any.whl (75 kB)
#24 3.833    ━━━━━━━━━━━━━━━━━━━━━━━━━━━━━━━━━━━━━━━━ 75.9/75.9 kB 8.7 MB/s eta 0:00:00
#24 3.843 Downloading loguru-0.7.2-py3-none-any.whl (62 kB)
#24 3.861    ━━━━━━━━━━━━━━━━━━━━━━━━━━━━━━━━━━━━━━━━ 62.5/62.5 kB 3.5 MB/s eta 0:00:00
#24 3.870 Downloading python_multipart-0.0.9-py3-none-any.whl (22 kB)
#24 3.888 Downloading docker-7.1.0-py3-none-any.whl (147 kB)
#24 3.899    ━━━━━━━━━━━━━━━━━━━━━━━━━━━━━━━━━━━━━━━━ 147.8/147.8 kB 18.1 MB/s eta 0:00:00
#24 3.909 Downloading kubernetes-29.0.0-py2.py3-none-any.whl (1.6 MB)
#24 4.012    ━━━━━━━━━━━━━━━━━━━━━━━━━━━━━━━━━━━━━━━━ 1.6/1.6 MB 15.7 MB/s eta 0:00:00
#24 4.026 Downloading PyYAML-6.0.1-cp311-cp311-musllinux_1_1_x86_64.whl (748 kB)
#24 4.071    ━━━━━━━━━━━━━━━━━━━━━━━━━━━━━━━━━━━━━━━━ 748.5/748.5 kB 17.4 MB/s eta 0:00:00
#24 4.084 Downloading itsdangerous-2.1.2-py3-none-any.whl (15 kB)
#24 4.097 Downloading starlette-0.36.3-py3-none-any.whl (71 kB)
#24 4.101    ━━━━━━━━━━━━━━━━━━━━━━━━━━━━━━━━━━━━━━━━ 71.5/71.5 kB 46.2 MB/s eta 0:00:00
#24 4.111 Downloading redis-5.0.1-py3-none-any.whl (250 kB)
#24 4.127    ━━━━━━━━━━━━━━━━━━━━━━━━━━━━━━━━━━━━━━━━ 250.3/250.3 kB 18.4 MB/s eta 0:00:00
#24 4.147 Downloading httpcore-1.0.9-py3-none-any.whl (78 kB)
#24 4.155    ━━━━━━━━━━━━━━━━━━━━━━━━━━━━━━━━━━━━━━━━ 78.8/78.8 kB 16.0 MB/s eta 0:00:00
#24 4.167 Downloading anyio-4.12.1-py3-none-any.whl (113 kB)
#24 4.178    ━━━━━━━━━━━━━━━━━━━━━━━━━━━━━━━━━━━━━━━━ 113.6/113.6 kB 11.8 MB/s eta 0:00:00
#24 4.192 Downloading certifi-2026.1.4-py3-none-any.whl (152 kB)
#24 4.213    ━━━━━━━━━━━━━━━━━━━━━━━━━━━━━━━━━━━━━━━━ 152.9/152.9 kB 7.6 MB/s eta 0:00:00
#24 4.222 Downloading click-8.3.1-py3-none-any.whl (108 kB)
#24 4.233    ━━━━━━━━━━━━━━━━━━━━━━━━━━━━━━━━━━━━━━━━ 108.3/108.3 kB 12.8 MB/s eta 0:00:00
#24 4.251 Downloading google_auth-2.48.0-py3-none-any.whl (236 kB)
#24 4.267    ━━━━━━━━━━━━━━━━━━━━━━━━━━━━━━━━━━━━━━━━ 236.5/236.5 kB 18.3 MB/s eta 0:00:00
#24 4.277 Downloading h11-0.16.0-py3-none-any.whl (37 kB)
#24 4.288 Downloading hiredis-3.3.0-cp311-cp311-musllinux_1_2_x86_64.whl (165 kB)
#24 4.308    ━━━━━━━━━━━━━━━━━━━━━━━━━━━━━━━━━━━━━━━━ 165.5/165.5 kB 9.7 MB/s eta 0:00:00
#24 4.320 Downloading httptools-0.7.1-cp311-cp311-musllinux_1_2_x86_64.whl (440 kB)
#24 4.349    ━━━━━━━━━━━━━━━━━━━━━━━━━━━━━━━━━━━━━━━━ 440.3/440.3 kB 16.4 MB/s eta 0:00:00
#24 4.358 Downloading idna-3.11-py3-none-any.whl (71 kB)
#24 4.366    ━━━━━━━━━━━━━━━━━━━━━━━━━━━━━━━━━━━━━━━━ 71.0/71.0 kB 13.9 MB/s eta 0:00:00
#24 4.377 Downloading markupsafe-3.0.3-cp311-cp311-musllinux_1_2_x86_64.whl (22 kB)
#24 4.385 Downloading oauthlib-3.3.1-py3-none-any.whl (160 kB)
#24 4.395    ━━━━━━━━━━━━━━━━━━━━━━━━━━━━━━━━━━━━━━━━ 160.1/160.1 kB 16.2 MB/s eta 0:00:00
#24 4.403 Downloading pydantic-2.12.5-py3-none-any.whl (463 kB)
#24 4.424    ━━━━━━━━━━━━━━━━━━━━━━━━━━━━━━━━━━━━━━━━ 463.6/463.6 kB 23.9 MB/s eta 0:00:00
#24 4.436 Downloading pydantic_core-2.41.5-cp311-cp311-musllinux_1_1_x86_64.whl (2.3 MB)
#24 4.564    ━━━━━━━━━━━━━━━━━━━━━━━━━━━━━━━━━━━━━━━━ 2.3/2.3 MB 18.3 MB/s eta 0:00:00
#24 4.574 Downloading python_dateutil-2.9.0.post0-py2.py3-none-any.whl (229 kB)
#24 4.590    ━━━━━━━━━━━━━━━━━━━━━━━━━━━━━━━━━━━━━━━━ 229.9/229.9 kB 15.3 MB/s eta 0:00:00
#24 4.601 Downloading python_dotenv-1.2.1-py3-none-any.whl (21 kB)
#24 4.610 Downloading requests-2.32.5-py3-none-any.whl (64 kB)
#24 4.615    ━━━━━━━━━━━━━━━━━━━━━━━━━━━━━━━━━━━━━━━━ 64.7/64.7 kB 18.3 MB/s eta 0:00:00
#24 4.625 Downloading six-1.17.0-py2.py3-none-any.whl (11 kB)
#24 4.637 Downloading typing_extensions-4.15.0-py3-none-any.whl (44 kB)
#24 4.640    ━━━━━━━━━━━━━━━━━━━━━━━━━━━━━━━━━━━━━━━━ 44.6/44.6 kB 23.6 MB/s eta 0:00:00
#24 4.652 Downloading urllib3-2.6.3-py3-none-any.whl (131 kB)
#24 4.664    ━━━━━━━━━━━━━━━━━━━━━━━━━━━━━━━━━━━━━━━━ 131.6/131.6 kB 12.1 MB/s eta 0:00:00
#24 4.678 Downloading uvloop-0.22.1-cp311-cp311-musllinux_1_2_x86_64.whl (3.7 MB)
#24 4.883    ━━━━━━━━━━━━━━━━━━━━━━━━━━━━━━━━━━━━━━━━ 3.7/3.7 MB 18.4 MB/s eta 0:00:00
#24 4.892 Downloading watchfiles-1.1.1-cp311-cp311-musllinux_1_1_x86_64.whl (623 kB)
#24 4.933    ━━━━━━━━━━━━━━━━━━━━━━━━━━━━━━━━━━━━━━━━ 623.0/623.0 kB 15.7 MB/s eta 0:00:00
#24 4.949 Downloading websocket_client-1.9.0-py3-none-any.whl (82 kB)
#24 5.010    ━━━━━━━━━━━━━━━━━━━━━━━━━━━━━━━━━━━━━━━━ 82.6/82.6 kB 1.2 MB/s eta 0:00:00
#24 5.026 Downloading websockets-16.0-cp311-cp311-musllinux_1_2_x86_64.whl (184 kB)
#24 5.038    ━━━━━━━━━━━━━━━━━━━━━━━━━━━━━━━━━━━━━━━━ 184.6/184.6 kB 17.4 MB/s eta 0:00:00
#24 5.046 Downloading requests_oauthlib-2.0.0-py2.py3-none-any.whl (24 kB)
#24 5.058 Downloading sniffio-1.3.1-py3-none-any.whl (10 kB)
#24 5.074 Downloading annotated_types-0.7.0-py3-none-any.whl (13 kB)
#24 5.093 Downloading charset_normalizer-3.4.4-cp311-cp311-musllinux_1_2_x86_64.whl (152 kB)
#24 5.108    ━━━━━━━━━━━━━━━━━━━━━━━━━━━━━━━━━━━━━━━━ 153.0/153.0 kB 11.9 MB/s eta 0:00:00
#24 5.125 Downloading cryptography-46.0.5-cp311-abi3-musllinux_1_2_x86_64.whl (4.7 MB)
#24 5.408    ━━━━━━━━━━━━━━━━━━━━━━━━━━━━━━━━━━━━━━━━ 4.7/4.7 MB 16.6 MB/s eta 0:00:00
#24 5.423 Downloading pyasn1_modules-0.4.2-py3-none-any.whl (181 kB)
#24 5.429    ━━━━━━━━━━━━━━━━━━━━━━━━━━━━━━━━━━━━━━━━ 181.3/181.3 kB 36.0 MB/s eta 0:00:00
#24 5.438 Downloading rsa-4.9.1-py3-none-any.whl (34 kB)
#24 5.451 Downloading typing_inspection-0.4.2-py3-none-any.whl (14 kB)
#24 5.462 Downloading cffi-2.0.0-cp311-cp311-musllinux_1_2_x86_64.whl (217 kB)
#24 5.475    ━━━━━━━━━━━━━━━━━━━━━━━━━━━━━━━━━━━━━━━━ 217.1/217.1 kB 19.0 MB/s eta 0:00:00
#24 5.484 Downloading pyasn1-0.6.2-py3-none-any.whl (83 kB)
#24 5.491    ━━━━━━━━━━━━━━━━━━━━━━━━━━━━━━━━━━━━━━━━ 83.4/83.4 kB 16.3 MB/s eta 0:00:00
#24 5.500 Downloading pycparser-3.0-py3-none-any.whl (48 kB)
#24 5.503    ━━━━━━━━━━━━━━━━━━━━━━━━━━━━━━━━━━━━━━━━ 48.2/48.2 kB 25.7 MB/s eta 0:00:00
#24 5.671 Installing collected packages: websockets, websocket-client, uvloop, urllib3, typing-extensions, sniffio, six, redis, pyyaml, python-multipart, python-dotenv, pycparser, pyasn1, oauthlib, MarkupSafe, loguru, itsdangerous, idna, httptools, hiredis, h11, click, charset_normalizer, certifi, annotated-types, uvicorn, typing-inspection, rsa, requests, python-dateutil, pydantic-core, pyasn1-modules, jinja2, httpcore, cffi, anyio, watchfiles, starlette, requests-oauthlib, pydantic, httpx, docker, cryptography, google-auth, fastapi, kubernetes
#24 ...

#28 [api-gateway base 3/3] RUN apk add --no-cache     git     curl     gcc     musl-dev     postgresql-dev
#28 1.051 ( 1/50) Installing brotli-libs (1.2.0-r0)
#28 1.092 ( 2/50) Installing c-ares (1.34.6-r0)
#28 1.118 ( 3/50) Installing libunistring (1.4.1-r0)
#28 1.203 ( 4/50) Installing libidn2 (2.3.8-r0)
#28 1.219 ( 5/50) Installing nghttp2-libs (1.68.0-r0)
#28 1.237 ( 6/50) Installing nghttp3 (1.13.1-r0)
#28 1.254 ( 7/50) Installing libpsl (0.21.5-r3)
#28 1.263 ( 8/50) Installing zstd-libs (1.5.7-r2)
#28 1.297 ( 9/50) Installing libcurl (8.17.0-r1)
#28 1.333 (10/50) Installing curl (8.17.0-r1)
#28 1.358 (11/50) Installing libgcc (15.2.0-r2)
#28 1.375 (12/50) Installing jansson (2.14.1-r0)
#28 1.384 (13/50) Installing libstdc++ (15.2.0-r2)
#28 1.442 (14/50) Installing binutils (2.45.1-r0)
#28 1.656 (15/50) Installing libgomp (15.2.0-r2)
#28 1.675 (16/50) Installing libatomic (15.2.0-r2)
#28 1.682 (17/50) Installing gmp (6.3.0-r4)
#28 1.711 (18/50) Installing isl26 (0.26-r1)
#28 1.877 (19/50) Installing mpfr4 (4.2.2-r0)
#28 1.920 (20/50) Installing mpc1 (1.3.1-r1)
#28 1.933 (21/50) Installing gcc (15.2.0-r2)
#28 3.317 (22/50) Installing libexpat (2.7.4-r0)
#28 3.329 (23/50) Installing pcre2 (10.47-r0)
#28 3.360 (24/50) Installing git (2.52.0-r0)
#28 3.567 (25/50) Installing git-init-template (2.52.0-r0)
#28 3.580 (26/50) Installing musl-dev (1.2.5-r21)
#28 3.800 (27/50) Installing libpq (18.1-r0)
#28 3.841 (28/50) Installing pkgconf (2.5.1-r0)
#28 3.856 (29/50) Installing openssl-dev (3.5.5-r0)
#28 3.900 (30/50) Installing libpq-dev (18.1-r0)
#28 3.951 (31/50) Installing libecpg (18.1-r0)
#28 3.964 (32/50) Installing libecpg-dev (18.1-r0)
#28 3.985 (33/50) Installing clang20-headers (20.1.8-r1)
#28 4.054 (34/50) Installing libxml2 (2.13.9-r0)
#28 4.084 (35/50) Installing llvm20-libs (20.1.8-r0)
#28 7.732 (36/50) Installing clang20-libs (20.1.8-r1)
#28 ...

#27 [identity-provider  6/12] RUN pip install --no-cache-dir -e "/sdk[all]"
#27 3.510 Collecting pulumi>=3.0.0 (from itl-controlplane-sdk==1.0.0)
#27 3.522   Downloading pulumi-3.220.0-py3-none-any.whl.metadata (3.8 kB)
#27 3.813 Collecting pulumi-kubernetes>=4.0.0 (from itl-controlplane-sdk==1.0.0)
#27 3.837   Downloading pulumi_kubernetes-4.25.0-py3-none-any.whl.metadata (9.4 kB)
#27 4.063 Collecting sqlalchemy>=2.0.0 (from sqlalchemy[asyncio]>=2.0.0; extra == "persistence-sqlalchemy"->itl-controlplane-sdk==1.0.0)
#27 4.081   Downloading sqlalchemy-2.0.46-cp311-cp311-musllinux_1_2_x86_64.whl.metadata (9.5 kB)
#27 4.136 Collecting asyncpg>=0.29.0 (from itl-controlplane-sdk==1.0.0)
#27 4.147   Downloading asyncpg-0.31.0-cp311-cp311-musllinux_1_2_x86_64.whl.metadata (4.4 kB)
#27 4.184 Collecting alembic>=1.13.0 (from itl-controlplane-sdk==1.0.0)
#27 4.197   Downloading alembic-1.18.4-py3-none-any.whl.metadata (7.2 kB)
#27 4.299 Collecting click>=8.0.0 (from itl-controlplane-sdk==1.0.0)
#27 4.312   Downloading click-8.3.1-py3-none-any.whl.metadata (2.6 kB)
#27 4.345 Collecting Mako (from alembic>=1.13.0->itl-controlplane-sdk==1.0.0)
#27 4.355   Downloading mako-1.3.10-py3-none-any.whl.metadata (2.9 kB)
#27 4.379 Collecting dnspython>=2.0.0 (from email-validator>=2.0.0->itl-controlplane-sdk==1.0.0)
#27 4.391   Downloading dnspython-2.8.0-py3-none-any.whl.metadata (5.7 kB)
#27 4.404 Collecting idna>=2.0.0 (from email-validator>=2.0.0->itl-controlplane-sdk==1.0.0)
#27 4.432   Downloading idna-3.11-py3-none-any.whl.metadata (8.4 kB)
#27 4.487 Collecting annotated-doc>=0.0.2 (from fastapi>=0.104.0->itl-controlplane-sdk==1.0.0)
#27 4.748   Downloading annotated_doc-0.0.4-py3-none-any.whl.metadata (6.6 kB)
#27 4.844 Collecting debugpy~=1.8.7 (from pulumi>=3.0.0->itl-controlplane-sdk==1.0.0)
#27 4.862   Downloading debugpy-1.8.20-py2.py3-none-any.whl.metadata (1.5 kB)
#27 4.885 Collecting dill~=0.4 (from pulumi>=3.0.0->itl-controlplane-sdk==1.0.0)
#27 4.899   Downloading dill-0.4.1-py3-none-any.whl.metadata (10 kB)
#27 5.374 Collecting grpcio<2,>=1.68.1 (from pulumi>=3.0.0->itl-controlplane-sdk==1.0.0)
#27 5.386   Downloading grpcio-1.78.0-cp311-cp311-musllinux_1_2_x86_64.whl.metadata (3.8 kB)
#27 5.466 Collecting pip>=24.3.1 (from pulumi>=3.0.0->itl-controlplane-sdk==1.0.0)
#27 5.476   Downloading pip-26.0.1-py3-none-any.whl.metadata (4.7 kB)
#27 5.620 Collecting protobuf<7,>=3.20.3 (from pulumi>=3.0.0->itl-controlplane-sdk==1.0.0)
#27 5.629   Downloading protobuf-6.33.5-py3-none-any.whl.metadata (593 bytes)
#27 5.667 Collecting pyyaml~=6.0 (from pulumi>=3.0.0->itl-controlplane-sdk==1.0.0)
#27 5.677   Downloading pyyaml-6.0.3-cp311-cp311-musllinux_1_2_x86_64.whl.metadata (2.4 kB)
#27 5.694 Collecting semver~=3.0 (from pulumi>=3.0.0->itl-controlplane-sdk==1.0.0)
#27 5.705   Downloading semver-3.0.4-py3-none-any.whl.metadata (6.8 kB)
#27 5.849 Collecting parver>=0.2.1 (from pulumi-kubernetes>=4.0.0->itl-controlplane-sdk==1.0.0)
#27 5.856   Downloading parver-0.5-py3-none-any.whl.metadata (2.7 kB)
#27 5.924 Collecting requests<3.0,>=2.21 (from pulumi-kubernetes>=4.0.0->itl-controlplane-sdk==1.0.0)
#27 5.932   Downloading requests-2.32.5-py3-none-any.whl.metadata (4.9 kB)
#27 6.057 Collecting greenlet>=1 (from sqlalchemy>=2.0.0->sqlalchemy[asyncio]>=2.0.0; extra == "persistence-sqlalchemy"->itl-controlplane-sdk==1.0.0)
#27 6.066   Downloading greenlet-3.3.1-cp311-cp311-musllinux_1_2_x86_64.whl.metadata (3.7 kB)
#27 6.108 Collecting anyio<5,>=3.6.2 (from starlette>=0.27.0->itl-controlplane-sdk==1.0.0)
#27 6.115   Downloading anyio-4.12.1-py3-none-any.whl.metadata (4.3 kB)
#27 6.142 Collecting h11>=0.8 (from uvicorn>=0.24.0->uvicorn[standard]>=0.24.0; extra == "fastapi"->itl-controlplane-sdk==1.0.0)
#27 6.150   Downloading h11-0.16.0-py3-none-any.whl.metadata (8.3 kB)
#27 6.187 Collecting httptools>=0.6.3 (from uvicorn[standard]>=0.24.0; extra == "fastapi"->itl-controlplane-sdk==1.0.0)
#27 6.195   Downloading httptools-0.7.1-cp311-cp311-musllinux_1_2_x86_64.whl.metadata (3.5 kB)
#27 6.236 Collecting uvloop>=0.15.1 (from uvicorn[standard]>=0.24.0; extra == "fastapi"->itl-controlplane-sdk==1.0.0)
#27 6.247   Downloading uvloop-0.22.1-cp311-cp311-musllinux_1_2_x86_64.whl.metadata (4.9 kB)
#27 6.312 Collecting watchfiles>=0.13 (from uvicorn[standard]>=0.24.0; extra == "fastapi"->itl-controlplane-sdk==1.0.0)
#27 6.325   Downloading watchfiles-1.1.1-cp311-cp311-musllinux_1_1_x86_64.whl.metadata (4.9 kB)
#27 6.512 Collecting websockets>=10.4 (from uvicorn[standard]>=0.24.0; extra == "fastapi"->itl-controlplane-sdk==1.0.0)
#27 6.524   Downloading websockets-16.0-cp311-cp311-musllinux_1_2_x86_64.whl.metadata (6.8 kB)
#27 6.723 Collecting arpeggio>=1.7 (from parver>=0.2.1->pulumi-kubernetes>=4.0.0->itl-controlplane-sdk==1.0.0)
#27 6.742   Downloading Arpeggio-2.0.3-py2.py3-none-any.whl.metadata (2.4 kB)
#27 6.757 Collecting attrs>=19.2 (from parver>=0.2.1->pulumi-kubernetes>=4.0.0->itl-controlplane-sdk==1.0.0)
#27 6.764   Downloading attrs-25.4.0-py3-none-any.whl.metadata (10 kB)
#27 6.851 Collecting charset_normalizer<4,>=2 (from requests<3.0,>=2.21->pulumi-kubernetes>=4.0.0->itl-controlplane-sdk==1.0.0)
#27 6.860   Downloading charset_normalizer-3.4.4-cp311-cp311-musllinux_1_2_x86_64.whl.metadata (37 kB)
#27 6.894 Collecting urllib3<3,>=1.21.1 (from requests<3.0,>=2.21->pulumi-kubernetes>=4.0.0->itl-controlplane-sdk==1.0.0)
#27 6.907   Downloading urllib3-2.6.3-py3-none-any.whl.metadata (6.9 kB)
#27 6.935 Collecting certifi>=2017.4.17 (from requests<3.0,>=2.21->pulumi-kubernetes>=4.0.0->itl-controlplane-sdk==1.0.0)
#27 6.950   Downloading certifi-2026.1.4-py3-none-any.whl.metadata (2.5 kB)
#27 7.020 Collecting MarkupSafe>=0.9.2 (from Mako->alembic>=1.13.0->itl-controlplane-sdk==1.0.0)
#27 7.030   Downloading markupsafe-3.0.3-cp311-cp311-musllinux_1_2_x86_64.whl.metadata (2.7 kB)
#27 7.077 Downloading prometheus_client-0.24.1-py3-none-any.whl (64 kB)
#27 7.082    ━━━━━━━━━━━━━━━━━━━━━━━━━━━━━━━━━━━━━━━━ 64.1/64.1 kB 24.0 MB/s eta 0:00:00
#27 7.092 Downloading pydantic-2.12.5-py3-none-any.whl (463 kB)
#27 7.123    ━━━━━━━━━━━━━━━━━━━━━━━━━━━━━━━━━━━━━━━━ 463.6/463.6 kB 15.6 MB/s eta 0:00:00
#27 7.132 Downloading pydantic_core-2.41.5-cp311-cp311-musllinux_1_1_x86_64.whl (2.3 MB)
#27 7.212    ━━━━━━━━━━━━━━━━━━━━━━━━━━━━━━━━━━━━━━━━ 2.3/2.3 MB 29.7 MB/s eta 0:00:00
#27 7.225 Downloading pydantic_settings-2.12.0-py3-none-any.whl (51 kB)
#27 7.228    ━━━━━━━━━━━━━━━━━━━━━━━━━━━━━━━━━━━━━━━━ 51.9/51.9 kB 23.1 MB/s eta 0:00:00
#27 7.238 Downloading typing_extensions-4.15.0-py3-none-any.whl (44 kB)
#27 7.241    ━━━━━━━━━━━━━━━━━━━━━━━━━━━━━━━━━━━━━━━━ 44.6/44.6 kB 38.3 MB/s eta 0:00:00
#27 7.254 Downloading alembic-1.18.4-py3-none-any.whl (263 kB)
#27 7.267    ━━━━━━━━━━━━━━━━━━━━━━━━━━━━━━━━━━━━━━━━ 263.9/263.9 kB 22.2 MB/s eta 0:00:00
#27 7.280 Downloading annotated_types-0.7.0-py3-none-any.whl (13 kB)
#27 7.441 Downloading asyncpg-0.31.0-cp311-cp311-musllinux_1_2_x86_64.whl (3.0 MB)
#27 7.672    ━━━━━━━━━━━━━━━━━━━━━━━━━━━━━━━━━━━━━━━━ 3.0/3.0 MB 12.9 MB/s eta 0:00:00
#27 7.685 Downloading click-8.3.1-py3-none-any.whl (108 kB)
#27 7.691    ━━━━━━━━━━━━━━━━━━━━━━━━━━━━━━━━━━━━━━━━ 108.3/108.3 kB 21.5 MB/s eta 0:00:00
#27 7.699 Downloading email_validator-2.3.0-py3-none-any.whl (35 kB)
#27 7.708 Downloading fastapi-0.129.0-py3-none-any.whl (102 kB)
#27 7.718    ━━━━━━━━━━━━━━━━━━━━━━━━━━━━━━━━━━━━━━━━ 103.0/103.0 kB 11.5 MB/s eta 0:00:00
#27 7.727 Downloading pulumi-3.220.0-py3-none-any.whl (390 kB)
#27 7.750    ━━━━━━━━━━━━━━━━━━━━━━━━━━━━━━━━━━━━━━━━ 390.3/390.3 kB 19.1 MB/s eta 0:00:00
#27 7.759 Downloading pulumi_kubernetes-4.25.0-py3-none-any.whl (2.8 MB)
#27 7.926    ━━━━━━━━━━━━━━━━━━━━━━━━━━━━━━━━━━━━━━━━ 2.8/2.8 MB 17.0 MB/s eta 0:00:00
#27 7.936 Downloading python_dotenv-1.2.1-py3-none-any.whl (21 kB)
#27 7.951 Downloading sqlalchemy-2.0.46-cp311-cp311-musllinux_1_2_x86_64.whl (3.3 MB)
#27 8.077    ━━━━━━━━━━━━━━━━━━━━━━━━━━━━━━━━━━━━━━━━ 3.3/3.3 MB 26.5 MB/s eta 0:00:00
#27 8.085 Downloading starlette-0.52.1-py3-none-any.whl (74 kB)
#27 8.094    ━━━━━━━━━━━━━━━━━━━━━━━━━━━━━━━━━━━━━━━━ 74.3/74.3 kB 33.5 MB/s eta 0:00:00
#27 8.107 Downloading typing_inspection-0.4.2-py3-none-any.whl (14 kB)
#27 8.118 Downloading uvicorn-0.40.0-py3-none-any.whl (68 kB)
#27 8.125    ━━━━━━━━━━━━━━━━━━━━━━━━━━━━━━━━━━━━━━━━ 68.5/68.5 kB 11.1 MB/s eta 0:00:00
#27 8.134 Downloading annotated_doc-0.0.4-py3-none-any.whl (5.3 kB)
#27 8.149 Downloading anyio-4.12.1-py3-none-any.whl (113 kB)
#27 8.159    ━━━━━━━━━━━━━━━━━━━━━━━━━━━━━━━━━━━━━━━━ 113.6/113.6 kB 12.4 MB/s eta 0:00:00
#27 8.180 Downloading debugpy-1.8.20-py2.py3-none-any.whl (5.3 MB)
#27 8.443    ━━━━━━━━━━━━━━━━━━━━━━━━━━━━━━━━━━━━━━━━ 5.3/5.3 MB 20.4 MB/s eta 0:00:00
#27 8.450 Downloading dill-0.4.1-py3-none-any.whl (120 kB)
#27 8.460    ━━━━━━━━━━━━━━━━━━━━━━━━━━━━━━━━━━━━━━━━ 120.0/120.0 kB 14.4 MB/s eta 0:00:00
#27 8.479 Downloading dnspython-2.8.0-py3-none-any.whl (331 kB)
#27 8.505    ━━━━━━━━━━━━━━━━━━━━━━━━━━━━━━━━━━━━━━━━ 331.1/331.1 kB 13.6 MB/s eta 0:00:00
#27 8.515 Downloading greenlet-3.3.1-cp311-cp311-musllinux_1_2_x86_64.whl (1.6 MB)
#27 8.638    ━━━━━━━━━━━━━━━━━━━━━━━━━━━━━━━━━━━━━━━━ 1.6/1.6 MB 13.1 MB/s eta 0:00:00
#27 8.650 Downloading grpcio-1.78.0-cp311-cp311-musllinux_1_2_x86_64.whl (7.7 MB)
#27 9.019    ━━━━━━━━━━━━━━━━━━━━━━━━━━━━━━━━━━━━━━━━ 7.7/7.7 MB 21.0 MB/s eta 0:00:00
#27 9.027 Downloading h11-0.16.0-py3-none-any.whl (37 kB)
#27 9.038 Downloading httptools-0.7.1-cp311-cp311-musllinux_1_2_x86_64.whl (440 kB)
#27 9.062    ━━━━━━━━━━━━━━━━━━━━━━━━━━━━━━━━━━━━━━━━ 440.3/440.3 kB 19.1 MB/s eta 0:00:00
#27 9.071 Downloading idna-3.11-py3-none-any.whl (71 kB)
#27 9.078    ━━━━━━━━━━━━━━━━━━━━━━━━━━━━━━━━━━━━━━━━ 71.0/71.0 kB 12.7 MB/s eta 0:00:00
#27 9.087 Downloading parver-0.5-py3-none-any.whl (15 kB)
#27 9.100 Downloading pip-26.0.1-py3-none-any.whl (1.8 MB)
#27 9.202    ━━━━━━━━━━━━━━━━━━━━━━━━━━━━━━━━━━━━━━━━ 1.8/1.8 MB 17.9 MB/s eta 0:00:00
#27 9.213 Downloading protobuf-6.33.5-py3-none-any.whl (170 kB)
#27 9.226    ━━━━━━━━━━━━━━━━━━━━━━━━━━━━━━━━━━━━━━━━ 170.7/170.7 kB 14.4 MB/s eta 0:00:00
#27 9.236 Downloading pyyaml-6.0.3-cp311-cp311-musllinux_1_2_x86_64.whl (794 kB)
#27 9.282    ━━━━━━━━━━━━━━━━━━━━━━━━━━━━━━━━━━━━━━━━ 795.0/795.0 kB 18.1 MB/s eta 0:00:00
#27 9.291 Downloading requests-2.32.5-py3-none-any.whl (64 kB)
#27 9.298    ━━━━━━━━━━━━━━━━━━━━━━━━━━━━━━━━━━━━━━━━ 64.7/64.7 kB 12.3 MB/s eta 0:00:00
#27 9.305 Downloading semver-3.0.4-py3-none-any.whl (17 kB)
#27 9.319 Downloading uvloop-0.22.1-cp311-cp311-musllinux_1_2_x86_64.whl (3.7 MB)
#27 9.537    ━━━━━━━━━━━━━━━━━━━━━━━━━━━━━━━━━━━━━━━━ 3.7/3.7 MB 17.2 MB/s eta 0:00:00
#27 9.546 Downloading watchfiles-1.1.1-cp311-cp311-musllinux_1_1_x86_64.whl (623 kB)
#27 9.571    ━━━━━━━━━━━━━━━━━━━━━━━━━━━━━━━━━━━━━━━━ 623.0/623.0 kB 26.4 MB/s eta 0:00:00
#27 9.580 Downloading websockets-16.0-cp311-cp311-musllinux_1_2_x86_64.whl (184 kB)
#27 9.591    ━━━━━━━━━━━━━━━━━━━━━━━━━━━━━━━━━━━━━━━━ 184.6/184.6 kB 17.6 MB/s eta 0:00:00
#27 9.601 Downloading mako-1.3.10-py3-none-any.whl (78 kB)
#27 9.605    ━━━━━━━━━━━━━━━━━━━━━━━━━━━━━━━━━━━━━━━━ 78.5/78.5 kB 22.2 MB/s eta 0:00:00
#27 9.617 Downloading Arpeggio-2.0.3-py2.py3-none-any.whl (54 kB)
#27 9.620    ━━━━━━━━━━━━━━━━━━━━━━━━━━━━━━━━━━━━━━━━ 54.7/54.7 kB 26.7 MB/s eta 0:00:00
#27 9.632 Downloading attrs-25.4.0-py3-none-any.whl (67 kB)
#27 9.635    ━━━━━━━━━━━━━━━━━━━━━━━━━━━━━━━━━━━━━━━━ 67.6/67.6 kB 33.0 MB/s eta 0:00:00
#27 9.644 Downloading certifi-2026.1.4-py3-none-any.whl (152 kB)
#27 9.656    ━━━━━━━━━━━━━━━━━━━━━━━━━━━━━━━━━━━━━━━━ 152.9/152.9 kB 12.9 MB/s eta 0:00:00
#27 9.668 Downloading charset_normalizer-3.4.4-cp311-cp311-musllinux_1_2_x86_64.whl (152 kB)
#27 9.683    ━━━━━━━━━━━━━━━━━━━━━━━━━━━━━━━━━━━━━━━━ 153.0/153.0 kB 11.5 MB/s eta 0:00:00
#27 9.694 Downloading markupsafe-3.0.3-cp311-cp311-musllinux_1_2_x86_64.whl (22 kB)
#27 9.706 Downloading urllib3-2.6.3-py3-none-any.whl (131 kB)
#27 9.714    ━━━━━━━━━━━━━━━━━━━━━━━━━━━━━━━━━━━━━━━━ 131.6/131.6 kB 19.3 MB/s eta 0:00:00
#27 9.758 Checking if build backend supports build_editable: started
#27 9.862 Checking if build backend supports build_editable: finished with status 'done'
#27 9.863 Building wheels for collected packages: itl-controlplane-sdk
#27 9.865   Building editable for itl-controlplane-sdk (pyproject.toml): started
#27 ...

#24 [dashboard  5/11] RUN pip install --no-cache-dir -r requirements.txt
#24 9.236 Successfully installed MarkupSafe-3.0.3 annotated-types-0.7.0 anyio-4.12.1 certifi-2026.1.4 cffi-2.0.0 charset_normalizer-3.4.4 click-8.3.1 cryptography-46.0.5 docker-7.1.0 fastapi-0.109.2 google-auth-2.48.0 h11-0.16.0 hiredis-3.3.0 httpcore-1.0.9 httptools-0.7.1 httpx-0.26.0 idna-3.11 itsdangerous-2.1.2 jinja2-3.1.3 kubernetes-29.0.0 loguru-0.7.2 oauthlib-3.3.1 pyasn1-0.6.2 pyasn1-modules-0.4.2 pycparser-3.0 pydantic-2.12.5 pydantic-core-2.41.5 python-dateutil-2.9.0.post0 python-dotenv-1.2.1 python-multipart-0.0.9 pyyaml-6.0.1 redis-5.0.1 requests-2.32.5 requests-oauthlib-2.0.0 rsa-4.9.1 six-1.17.0 sniffio-1.3.1 starlette-0.36.3 typing-extensions-4.15.0 typing-inspection-0.4.2 urllib3-2.6.3 uvicorn-0.27.1 uvloop-0.22.1 watchfiles-1.1.1 websocket-client-1.9.0 websockets-16.0
#24 9.236 WARNING: Running pip as the 'root' user can result in broken permissions and conflicting behaviour with the system package manager. It is recommended to use a virtual environment instead: https://pip.pypa.io/warnings/venv
#24 9.335 
#24 9.335 [notice] A new release of pip is available: 24.0 -> 26.0.1
#24 9.335 [notice] To update, run: pip install --upgrade pip
#24 DONE 10.1s

#29 [dashboard  6/11] COPY main.py .
#29 DONE 0.1s

#27 [identity-provider  6/12] RUN pip install --no-cache-dir -e "/sdk[all]"
#27 10.11   Building editable for itl-controlplane-sdk (pyproject.toml): finished with status 'done'
#27 10.11   Created wheel for itl-controlplane-sdk: filename=itl_controlplane_sdk-1.0.0-0.editable-py3-none-any.whl size=1979 sha256=6e72c33dc3c34d0fd0cddb381010188c282d40bde0af4940947b50d6c4a88b91
#27 10.11   Stored in directory: /tmp/pip-ephem-wheel-cache-gdes5gfl/wheels/85/1a/eb/e77793151e2cf70efdb0e492e0e5a15c7a724d20305c8e9fd6
#27 10.11 Successfully built itl-controlplane-sdk
#27 ...

#30 [core-provider builder 4/4] RUN pip install --upgrade pip setuptools wheel &&     pip install --no-cache-dir ./ITL.ControlPanel.SDK[fastapi,persistence-sqlalchemy] &&     pip install --no-cache-dir -r core-requirements.txt
#30 1.470 Requirement already satisfied: pip in /usr/local/lib/python3.11/site-packages (24.0)
#30 1.572 Collecting pip
#30 1.632   Downloading pip-26.0.1-py3-none-any.whl.metadata (4.7 kB)
#30 1.644 Requirement already satisfied: setuptools in /usr/local/lib/python3.11/site-packages (79.0.1)
#30 1.793 Collecting setuptools
#30 1.813   Downloading setuptools-82.0.0-py3-none-any.whl.metadata (6.6 kB)
#30 1.825 Requirement already satisfied: wheel in /usr/local/lib/python3.11/site-packages (0.45.1)
#30 1.859 Collecting wheel
#30 1.873   Downloading wheel-0.46.3-py3-none-any.whl.metadata (2.4 kB)
#30 1.937 Collecting packaging>=24.0 (from wheel)
#30 1.949   Downloading packaging-26.0-py3-none-any.whl.metadata (3.3 kB)
#30 1.975 Downloading pip-26.0.1-py3-none-any.whl (1.8 MB)
#30 2.097    ━━━━━━━━━━━━━━━━━━━━━━━━━━━━━━━━━━━━━━━━ 1.8/1.8 MB 14.9 MB/s eta 0:00:00
#30 2.109 Downloading setuptools-82.0.0-py3-none-any.whl (1.0 MB)
#30 2.171    ━━━━━━━━━━━━━━━━━━━━━━━━━━━━━━━━━━━━━━━━ 1.0/1.0 MB 17.7 MB/s eta 0:00:00
#30 2.183 Downloading wheel-0.46.3-py3-none-any.whl (30 kB)
#30 2.209 Downloading packaging-26.0-py3-none-any.whl (74 kB)
#30 2.227    ━━━━━━━━━━━━━━━━━━━━━━━━━━━━━━━━━━━━━━━━ 74.4/74.4 kB 4.8 MB/s eta 0:00:00
#30 2.297 Installing collected packages: setuptools, pip, packaging, wheel
#30 2.297   Attempting uninstall: setuptools
#30 2.299     Found existing installation: setuptools 79.0.1
#30 2.320     Uninstalling setuptools-79.0.1:
#30 2.402       Successfully uninstalled setuptools-79.0.1
#30 2.883   Attempting uninstall: pip
#30 2.884     Found existing installation: pip 24.0
#30 2.908     Uninstalling pip-24.0:
#30 3.036       Successfully uninstalled pip-24.0
#30 3.722   Attempting uninstall: wheel
#30 3.723     Found existing installation: wheel 0.45.1
#30 3.725     Uninstalling wheel-0.45.1:
#30 3.736       Successfully uninstalled wheel-0.45.1
#30 3.765 Successfully installed packaging-26.0 pip-26.0.1 setuptools-82.0.0 wheel-0.46.3
#30 3.765 WARNING: Running pip as the 'root' user can result in broken permissions and conflicting behaviour with the system package manager. It is recommended to use a virtual environment instead: https://pip.pypa.io/warnings/venv
#30 4.105 Processing ./ITL.ControlPanel.SDK
#30 4.107   Installing build dependencies: started
#30 4.552   Installing build dependencies: finished with status 'done'
#30 4.553   Getting requirements to build wheel: started
#30 4.915   Getting requirements to build wheel: finished with status 'done'
#30 4.915   Preparing metadata (pyproject.toml): started
#30 5.053   Preparing metadata (pyproject.toml): finished with status 'done'
#30 5.247 Collecting pydantic<3.0.0,>=2.0.0 (from itl-controlplane-sdk==1.0.0)
#30 5.364   Downloading pydantic-2.12.5-py3-none-any.whl.metadata (90 kB)
#30 5.406 Collecting typing-extensions>=4.0.0 (from itl-controlplane-sdk==1.0.0)
#30 5.423   Downloading typing_extensions-4.15.0-py3-none-any.whl.metadata (3.3 kB)
#30 5.441 Collecting pydantic-settings>=2.0.0 (from itl-controlplane-sdk==1.0.0)
#30 5.466   Downloading pydantic_settings-2.12.0-py3-none-any.whl.metadata (3.4 kB)
#30 5.483 Collecting prometheus-client>=0.17.0 (from itl-controlplane-sdk==1.0.0)
#30 5.528   Downloading prometheus_client-0.24.1-py3-none-any.whl.metadata (2.1 kB)
#30 5.600 Collecting fastapi>=0.104.0 (from itl-controlplane-sdk==1.0.0)
#30 5.610   Downloading fastapi-0.129.0-py3-none-any.whl.metadata (30 kB)
#30 5.653 Collecting uvicorn>=0.24.0 (from uvicorn[standard]>=0.24.0; extra == "fastapi"->itl-controlplane-sdk==1.0.0)
#30 5.683   Downloading uvicorn-0.40.0-py3-none-any.whl.metadata (6.7 kB)
#30 5.718 Collecting starlette>=0.27.0 (from itl-controlplane-sdk==1.0.0)
#30 5.728   Downloading starlette-0.52.1-py3-none-any.whl.metadata (6.3 kB)
#30 5.934 Collecting sqlalchemy>=2.0.0 (from sqlalchemy[asyncio]>=2.0.0; extra == "persistence-sqlalchemy"->itl-controlplane-sdk==1.0.0)
#30 5.946   Downloading sqlalchemy-2.0.46-cp311-cp311-musllinux_1_2_x86_64.whl.metadata (9.5 kB)
#30 6.004 Collecting asyncpg>=0.29.0 (from itl-controlplane-sdk==1.0.0)
#30 6.014   Downloading asyncpg-0.31.0-cp311-cp311-musllinux_1_2_x86_64.whl.metadata (4.4 kB)
#30 6.033 Collecting alembic>=1.13.0 (from itl-controlplane-sdk==1.0.0)
#30 6.043   Downloading alembic-1.18.4-py3-none-any.whl.metadata (7.2 kB)
#30 6.054 Collecting annotated-types>=0.6.0 (from pydantic<3.0.0,>=2.0.0->itl-controlplane-sdk==1.0.0)
#30 6.062   Downloading annotated_types-0.7.0-py3-none-any.whl.metadata (15 kB)
#30 6.515 Collecting pydantic-core==2.41.5 (from pydantic<3.0.0,>=2.0.0->itl-controlplane-sdk==1.0.0)
#30 6.535   Downloading pydantic_core-2.41.5-cp311-cp311-musllinux_1_1_x86_64.whl.metadata (7.3 kB)
#30 6.546 Collecting typing-inspection>=0.4.2 (from pydantic<3.0.0,>=2.0.0->itl-controlplane-sdk==1.0.0)
#30 6.558   Downloading typing_inspection-0.4.2-py3-none-any.whl.metadata (2.6 kB)
#30 6.576 Collecting Mako (from alembic>=1.13.0->itl-controlplane-sdk==1.0.0)
#30 6.587   Downloading mako-1.3.10-py3-none-any.whl.metadata (2.9 kB)
#30 6.605 Collecting annotated-doc>=0.0.2 (from fastapi>=0.104.0->itl-controlplane-sdk==1.0.0)
#30 6.619   Downloading annotated_doc-0.0.4-py3-none-any.whl.metadata (6.6 kB)
#30 6.637 Collecting anyio<5,>=3.6.2 (from starlette>=0.27.0->itl-controlplane-sdk==1.0.0)
#30 6.651   Downloading anyio-4.12.1-py3-none-any.whl.metadata (4.3 kB)
#30 6.667 Collecting idna>=2.8 (from anyio<5,>=3.6.2->starlette>=0.27.0->itl-controlplane-sdk==1.0.0)
#30 6.680   Downloading idna-3.11-py3-none-any.whl.metadata (8.4 kB)
#30 6.697 Collecting python-dotenv>=0.21.0 (from pydantic-settings>=2.0.0->itl-controlplane-sdk==1.0.0)
#30 6.708   Downloading python_dotenv-1.2.1-py3-none-any.whl.metadata (25 kB)
#30 6.790 Collecting greenlet>=1 (from sqlalchemy>=2.0.0->sqlalchemy[asyncio]>=2.0.0; extra == "persistence-sqlalchemy"->itl-controlplane-sdk==1.0.0)
#30 6.798   Downloading greenlet-3.3.1-cp311-cp311-musllinux_1_2_x86_64.whl.metadata (3.7 kB)
#30 6.818 Collecting click>=7.0 (from uvicorn>=0.24.0->uvicorn[standard]>=0.24.0; extra == "fastapi"->itl-controlplane-sdk==1.0.0)
#30 6.829   Downloading click-8.3.1-py3-none-any.whl.metadata (2.6 kB)
#30 6.847 Collecting h11>=0.8 (from uvicorn>=0.24.0->uvicorn[standard]>=0.24.0; extra == "fastapi"->itl-controlplane-sdk==1.0.0)
#30 6.859   Downloading h11-0.16.0-py3-none-any.whl.metadata (8.3 kB)
#30 6.944 Collecting httptools>=0.6.3 (from uvicorn[standard]>=0.24.0; extra == "fastapi"->itl-controlplane-sdk==1.0.0)
#30 6.957   Downloading httptools-0.7.1-cp311-cp311-musllinux_1_2_x86_64.whl.metadata (3.5 kB)
#30 6.988 Collecting pyyaml>=5.1 (from uvicorn[standard]>=0.24.0; extra == "fastapi"->itl-controlplane-sdk==1.0.0)
#30 7.004   Downloading pyyaml-6.0.3-cp311-cp311-musllinux_1_2_x86_64.whl.metadata (2.4 kB)
#30 7.039 Collecting uvloop>=0.15.1 (from uvicorn[standard]>=0.24.0; extra == "fastapi"->itl-controlplane-sdk==1.0.0)
#30 7.050   Downloading uvloop-0.22.1-cp311-cp311-musllinux_1_2_x86_64.whl.metadata (4.9 kB)
#30 7.103 Collecting watchfiles>=0.13 (from uvicorn[standard]>=0.24.0; extra == "fastapi"->itl-controlplane-sdk==1.0.0)
#30 7.115   Downloading watchfiles-1.1.1-cp311-cp311-musllinux_1_1_x86_64.whl.metadata (4.9 kB)
#30 ...

#31 [dashboard  7/11] COPY src/ src/
#31 DONE 0.1s

#30 [core-provider builder 4/4] RUN pip install --upgrade pip setuptools wheel &&     pip install --no-cache-dir ./ITL.ControlPanel.SDK[fastapi,persistence-sqlalchemy] &&     pip install --no-cache-dir -r core-requirements.txt
#30 7.178 Collecting websockets>=10.4 (from uvicorn[standard]>=0.24.0; extra == "fastapi"->itl-controlplane-sdk==1.0.0)
#30 7.190   Downloading websockets-16.0-cp311-cp311-musllinux_1_2_x86_64.whl.metadata (6.8 kB)
#30 7.229 Collecting MarkupSafe>=0.9.2 (from Mako->alembic>=1.13.0->itl-controlplane-sdk==1.0.0)
#30 7.241   Downloading markupsafe-3.0.3-cp311-cp311-musllinux_1_2_x86_64.whl.metadata (2.7 kB)
#30 7.253 Downloading pydantic-2.12.5-py3-none-any.whl (463 kB)
#30 7.304 Downloading pydantic_core-2.41.5-cp311-cp311-musllinux_1_1_x86_64.whl (2.3 MB)
#30 ...

#32 [dashboard  8/11] COPY templates/ templates/
#32 DONE 0.1s

#33 [dashboard  9/11] COPY static/ static/
#33 DONE 0.1s

#28 [api-gateway base 3/3] RUN apk add --no-cache     git     curl     gcc     musl-dev     postgresql-dev
#28 9.973 (37/50) Installing fortify-headers (1.1-r5)
#28 9.982 (38/50) Installing libstdc++-dev (15.2.0-r2)
#28 10.30 (39/50) Installing llvm20-linker-tools (20.1.8-r0)
#28 10.33 (40/50) Installing clang20 (20.1.8-r1)
#28 10.40 (41/50) Installing icu-data-en (76.1-r1)
#28 10.49   Executing icu-data-en-76.1-r1.post-install
#28 10.49   * 
#28 10.49   * If you need ICU with non-English locales and legacy charset support, install
#28 10.49   * package icu-data-full.
#28 10.49   * 
#28 10.49 (42/50) Installing icu-libs (76.1-r1)
#28 10.61 (43/50) Installing icu (76.1-r1)
#28 10.64 (44/50) Installing icu-dev (76.1-r1)
#28 10.76 (45/50) Installing llvm20 (20.1.8-r0)
#28 ...

#34 [dashboard 10/11] COPY config/ config/
#34 DONE 0.1s

#30 [core-provider builder 4/4] RUN pip install --upgrade pip setuptools wheel &&     pip install --no-cache-dir ./ITL.ControlPanel.SDK[fastapi,persistence-sqlalchemy] &&     pip install --no-cache-dir -r core-requirements.txt
#30 7.427    ━━━━━━━━━━━━━━━━━━━━━━━━━━━━━━━━━━━━━━━━ 2.3/2.3 MB 19.6 MB/s  0:00:00
#30 7.441 Downloading alembic-1.18.4-py3-none-any.whl (263 kB)
#30 7.470 Downloading annotated_types-0.7.0-py3-none-any.whl (13 kB)
#30 7.493 Downloading asyncpg-0.31.0-cp311-cp311-musllinux_1_2_x86_64.whl (3.0 MB)
#30 7.598    ━━━━━━━━━━━━━━━━━━━━━━━━━━━━━━━━━━━━━━━━ 3.0/3.0 MB 27.9 MB/s  0:00:00
#30 7.606 Downloading fastapi-0.129.0-py3-none-any.whl (102 kB)
#30 7.623 Downloading starlette-0.52.1-py3-none-any.whl (74 kB)
#30 7.640 Downloading anyio-4.12.1-py3-none-any.whl (113 kB)
#30 7.659 Downloading annotated_doc-0.0.4-py3-none-any.whl (5.3 kB)
#30 7.671 Downloading idna-3.11-py3-none-any.whl (71 kB)
#30 7.687 Downloading prometheus_client-0.24.1-py3-none-any.whl (64 kB)
#30 7.701 Downloading pydantic_settings-2.12.0-py3-none-any.whl (51 kB)
#30 ...

#35 [dashboard 11/11] RUN mkdir -p data && chmod 777 data
#35 DONE 0.3s

#30 [core-provider builder 4/4] RUN pip install --upgrade pip setuptools wheel &&     pip install --no-cache-dir ./ITL.ControlPanel.SDK[fastapi,persistence-sqlalchemy] &&     pip install --no-cache-dir -r core-requirements.txt
#30 7.716 Downloading python_dotenv-1.2.1-py3-none-any.whl (21 kB)
#30 7.731 Downloading sqlalchemy-2.0.46-cp311-cp311-musllinux_1_2_x86_64.whl (3.3 MB)
#30 7.841    ━━━━━━━━━━━━━━━━━━━━━━━━━━━━━━━━━━━━━━━━ 3.3/3.3 MB 31.1 MB/s  0:00:00
#30 7.853 Downloading greenlet-3.3.1-cp311-cp311-musllinux_1_2_x86_64.whl (1.6 MB)
#30 7.920    ━━━━━━━━━━━━━━━━━━━━━━━━━━━━━━━━━━━━━━━━ 1.6/1.6 MB 25.3 MB/s  0:00:00
#30 7.934 Downloading typing_extensions-4.15.0-py3-none-any.whl (44 kB)
#30 7.946 Downloading typing_inspection-0.4.2-py3-none-any.whl (14 kB)
#30 7.960 Downloading uvicorn-0.40.0-py3-none-any.whl (68 kB)
#30 7.976 Downloading click-8.3.1-py3-none-any.whl (108 kB)
#30 8.001 Downloading h11-0.16.0-py3-none-any.whl (37 kB)
#30 8.020 Downloading httptools-0.7.1-cp311-cp311-musllinux_1_2_x86_64.whl (440 kB)
#30 8.045 Downloading pyyaml-6.0.3-cp311-cp311-musllinux_1_2_x86_64.whl (794 kB)
#30 8.086    ━━━━━━━━━━━━━━━━━━━━━━━━━━━━━━━━━━━━━━━━ 795.0/795.0 kB 21.1 MB/s  0:00:00
#30 8.101 Downloading uvloop-0.22.1-cp311-cp311-musllinux_1_2_x86_64.whl (3.7 MB)
#30 8.252    ━━━━━━━━━━━━━━━━━━━━━━━━━━━━━━━━━━━━━━━━ 3.7/3.7 MB 25.2 MB/s  0:00:00
#30 8.263 Downloading watchfiles-1.1.1-cp311-cp311-musllinux_1_1_x86_64.whl (623 kB)
#30 8.295    ━━━━━━━━━━━━━━━━━━━━━━━━━━━━━━━━━━━━━━━━ 623.0/623.0 kB 21.6 MB/s  0:00:00
#30 8.305 Downloading websockets-16.0-cp311-cp311-musllinux_1_2_x86_64.whl (184 kB)
#30 8.333 Downloading mako-1.3.10-py3-none-any.whl (78 kB)
#30 8.352 Downloading markupsafe-3.0.3-cp311-cp311-musllinux_1_2_x86_64.whl (22 kB)
#30 8.382 Building wheels for collected packages: itl-controlplane-sdk
#30 8.384   Building wheel for itl-controlplane-sdk (pyproject.toml): started
#30 8.702   Building wheel for itl-controlplane-sdk (pyproject.toml): finished with status 'done'
#30 8.703   Created wheel for itl-controlplane-sdk: filename=itl_controlplane_sdk-1.0.0-py3-none-any.whl size=284710 sha256=c3ff5b9e78288d6950ebf8ccc4c6b5e44c1cdc29c2bb7f3dc0e7d883bdab6b70
#30 8.703   Stored in directory: /tmp/pip-ephem-wheel-cache-frtm8iw9/wheels/1b/eb/3c/87eb5f9139763d63b7e9c28cbd3d7c8604d5ecccb5658e9b66
#30 8.708 Successfully built itl-controlplane-sdk
#30 8.748 Installing collected packages: websockets, uvloop, typing-extensions, pyyaml, python-dotenv, prometheus-client, MarkupSafe, idna, httptools, h11, greenlet, click, asyncpg, annotated-types, annotated-doc, uvicorn, typing-inspection, sqlalchemy, pydantic-core, Mako, anyio, watchfiles, starlette, pydantic, alembic, pydantic-settings, fastapi, itl-controlplane-sdk
#30 ...

#28 [api-gateway base 3/3] RUN apk add --no-cache     git     curl     gcc     musl-dev     postgresql-dev
#28 13.16 (46/50) Installing lz4-libs (1.10.0-r0)
#28 13.17 (47/50) Installing lz4-dev (1.10.0-r0)
#28 13.18 (48/50) Installing zstd (1.5.7-r2)
#28 13.20 (49/50) Installing zstd-dev (1.5.7-r2)
#28 13.21 (50/50) Installing postgresql18-dev (18.1-r0)
#28 13.36 Executing busybox-1.37.0-r30.trigger
#28 13.37 OK: 650.9 MiB in 88 packages
#28 DONE 13.5s

#36 [api-gateway builder 1/6] WORKDIR /build
#36 DONE 0.1s

#27 [identity-provider  6/12] RUN pip install --no-cache-dir -e "/sdk[all]"
#27 10.25 Installing collected packages: arpeggio, websockets, uvloop, urllib3, typing-extensions, semver, pyyaml, python-dotenv, protobuf, prometheus-client, pip, MarkupSafe, idna, httptools, h11, greenlet, dnspython, dill, debugpy, click, charset_normalizer, certifi, attrs, asyncpg, annotated-types, annotated-doc, uvicorn, typing-inspection, sqlalchemy, requests, pydantic-core, parver, Mako, grpcio, email-validator, anyio, watchfiles, starlette, pydantic, pulumi, alembic, pydantic-settings, pulumi-kubernetes, fastapi, itl-controlplane-sdk
#27 10.78   Attempting uninstall: pip
#27 10.78     Found existing installation: pip 24.0
#27 10.81     Uninstalling pip-24.0:
#27 10.94       Successfully uninstalled pip-24.0
#27 ...

#37 [api-gateway builder 2/6] COPY ITL.ControlPanel.SDK ./itl-sdk
#37 DONE 0.2s

#38 [api-gateway builder 3/6] COPY ITL.ControlPlane.GraphDB ./itl-graphdb
#38 DONE 0.1s

#39 [api-gateway builder 4/6] COPY ITL.ControlPlane.Api/requirements.txt ./api-requirements.txt
#39 DONE 0.1s

#40 [dashboard] exporting to image
#40 exporting layers
#40 exporting layers 2.4s done
#40 exporting manifest sha256:4a0bcbac45faee1b59b27154c851abc31eb5637bae309ba9e3a6c5fb6cfb0b7c 0.0s done
#40 exporting config sha256:20dc7b7743851a22efc8040dbb2e948d9a978e20463979dae9ee96c5bea0a979 0.0s done
#40 exporting attestation manifest sha256:572eee23408a71593ec78cab5be1072c9bcf3c9d9be02296f851d2c8c8d277cd 0.1s done
#40 exporting manifest list sha256:3a8c4cf69cead5ec03f4daa29f55a92a99786064fe7b51376ba4d343fde12da4
#40 exporting manifest list sha256:3a8c4cf69cead5ec03f4daa29f55a92a99786064fe7b51376ba4d343fde12da4 0.0s done
#40 naming to docker.io/library/itlcontrolpanelstack-dashboard:latest done
#40 unpacking to docker.io/library/itlcontrolpanelstack-dashboard:latest
#40 unpacking to docker.io/library/itlcontrolpanelstack-dashboard:latest 1.3s done
#40 DONE 3.9s

#41 [api-gateway builder 5/6] RUN pip install --upgrade pip setuptools wheel &&     pip install --no-cache-dir -r api-requirements.txt
#41 1.385 Requirement already satisfied: pip in /usr/local/lib/python3.11/site-packages (24.0)
#41 1.469 Collecting pip
#41 1.505   Downloading pip-26.0.1-py3-none-any.whl.metadata (4.7 kB)
#41 1.522 Requirement already satisfied: setuptools in /usr/local/lib/python3.11/site-packages (79.0.1)
#41 1.648 Collecting setuptools
#41 1.656   Downloading setuptools-82.0.0-py3-none-any.whl.metadata (6.6 kB)
#41 1.668 Requirement already satisfied: wheel in /usr/local/lib/python3.11/site-packages (0.45.1)
#41 1.699 Collecting wheel
#41 1.708   Downloading wheel-0.46.3-py3-none-any.whl.metadata (2.4 kB)
#41 1.770 Collecting packaging>=24.0 (from wheel)
#41 1.778   Downloading packaging-26.0-py3-none-any.whl.metadata (3.3 kB)
#41 1.802 Downloading pip-26.0.1-py3-none-any.whl (1.8 MB)
#41 1.956    ━━━━━━━━━━━━━━━━━━━━━━━━━━━━━━━━━━━━━━━━ 1.8/1.8 MB 11.8 MB/s eta 0:00:00
#41 1.964 Downloading setuptools-82.0.0-py3-none-any.whl (1.0 MB)
#41 2.037    ━━━━━━━━━━━━━━━━━━━━━━━━━━━━━━━━━━━━━━━━ 1.0/1.0 MB 14.3 MB/s eta 0:00:00
#41 2.045 Downloading wheel-0.46.3-py3-none-any.whl (30 kB)
#41 2.072 Downloading packaging-26.0-py3-none-any.whl (74 kB)
#41 2.093    ━━━━━━━━━━━━━━━━━━━━━━━━━━━━━━━━━━━━━━━━ 74.4/74.4 kB 3.7 MB/s eta 0:00:00
#41 2.162 Installing collected packages: setuptools, pip, packaging, wheel
#41 2.162   Attempting uninstall: setuptools
#41 2.164     Found existing installation: setuptools 79.0.1
#41 2.183     Uninstalling setuptools-79.0.1:
#41 2.261       Successfully uninstalled setuptools-79.0.1
#41 ...

#42 [dashboard] resolving provenance for metadata file
#42 DONE 0.0s

#30 [core-provider builder 4/4] RUN pip install --upgrade pip setuptools wheel &&     pip install --no-cache-dir ./ITL.ControlPanel.SDK[fastapi,persistence-sqlalchemy] &&     pip install --no-cache-dir -r core-requirements.txt
#30 11.26 
#30 11.26 Successfully installed Mako-1.3.10 MarkupSafe-3.0.3 alembic-1.18.4 annotated-doc-0.0.4 annotated-types-0.7.0 anyio-4.12.1 asyncpg-0.31.0 click-8.3.1 fastapi-0.129.0 greenlet-3.3.1 h11-0.16.0 httptools-0.7.1 idna-3.11 itl-controlplane-sdk-1.0.0 prometheus-client-0.24.1 pydantic-2.12.5 pydantic-core-2.41.5 pydantic-settings-2.12.0 python-dotenv-1.2.1 pyyaml-6.0.3 sqlalchemy-2.0.46 starlette-0.52.1 typing-extensions-4.15.0 typing-inspection-0.4.2 uvicorn-0.40.0 uvloop-0.22.1 watchfiles-1.1.1 websockets-16.0
#30 11.26 WARNING: Running pip as the 'root' user can result in broken permissions and conflicting behaviour with the system package manager, possibly rendering your system unusable. It is recommended to use a virtual environment instead: https://pip.pypa.io/warnings/venv. Use the --root-user-action option if you know what you are doing and want to suppress this warning.
#30 11.86 Requirement already satisfied: pydantic>=2.5.0 in /usr/local/lib/python3.11/site-packages (from -r core-requirements.txt (line 2)) (2.12.5)
#30 11.86 Requirement already satisfied: pydantic-settings>=2.0.0 in /usr/local/lib/python3.11/site-packages (from -r core-requirements.txt (line 3)) (2.12.0)
#30 11.91 Collecting email-validator>=2.0.0 (from -r core-requirements.txt (line 4))
#30 11.95   Downloading email_validator-2.3.0-py3-none-any.whl.metadata (26 kB)
#30 11.98 Collecting requests>=2.31.0 (from -r core-requirements.txt (line 5))
#30 11.99   Downloading requests-2.32.5-py3-none-any.whl.metadata (4.9 kB)
#30 12.00 Collecting structlog>=23.2.0 (from -r core-requirements.txt (line 6))
#30 12.01   Downloading structlog-25.5.0-py3-none-any.whl.metadata (9.5 kB)
#30 12.01 Requirement already satisfied: PyYAML>=6.0.1 in /usr/local/lib/python3.11/site-packages (from -r core-requirements.txt (line 7)) (6.0.3)
#30 12.01 Requirement already satisfied: typing-extensions>=4.0.0 in /usr/local/lib/python3.11/site-packages (from -r core-requirements.txt (line 8)) (4.15.0)
#30 12.01 Requirement already satisfied: sqlalchemy>=2.0.0 in /usr/local/lib/python3.11/site-packages (from sqlalchemy[asyncio]>=2.0.0->-r core-requirements.txt (line 9)) (2.0.46)
#30 12.01 Requirement already satisfied: asyncpg>=0.29.0 in /usr/local/lib/python3.11/site-packages (from -r core-requirements.txt (line 10)) (0.31.0)
#30 12.01 Requirement already satisfied: alembic>=1.13.0 in /usr/local/lib/python3.11/site-packages (from -r core-requirements.txt (line 11)) (1.18.4)
#30 12.02 Collecting neo4j>=5.0.0 (from -r core-requirements.txt (line 12))
#30 12.03   Downloading neo4j-6.1.0-py3-none-any.whl.metadata (5.3 kB)
#30 12.05 Collecting docker>=7.1.0 (from -r core-requirements.txt (line 13))
#30 12.05   Downloading docker-7.1.0-py3-none-any.whl.metadata (3.8 kB)
#30 12.07 Collecting kubernetes>=28.1.0 (from -r core-requirements.txt (line 14))
#30 12.08   Downloading kubernetes-35.0.0-py2.py3-none-any.whl.metadata (1.7 kB)
#30 12.10 Collecting jinja2>=3.1.3 (from -r core-requirements.txt (line 15))
#30 12.10   Downloading jinja2-3.1.6-py3-none-any.whl.metadata (2.9 kB)
#30 12.14 Collecting httpx>=0.24.0 (from -r core-requirements.txt (line 16))
#30 12.14   Downloading httpx-0.28.1-py3-none-any.whl.metadata (7.1 kB)
#30 12.15 Requirement already satisfied: itl-controlplane-sdk>=1.0.0 in /usr/local/lib/python3.11/site-packages (from itl-controlplane-sdk[fastapi,messaging,persistence-sqlalchemy,persistence-sqlalchemy-neo4j]>=1.0.0->-r core-requirements.txt (line 17)) (1.0.0)
#30 12.15 Requirement already satisfied: annotated-types>=0.6.0 in /usr/local/lib/python3.11/site-packages (from pydantic>=2.5.0->-r core-requirements.txt (line 2)) (0.7.0)
#30 12.15 Requirement already satisfied: pydantic-core==2.41.5 in /usr/local/lib/python3.11/site-packages (from pydantic>=2.5.0->-r core-requirements.txt (line 2)) (2.41.5)
#30 12.15 Requirement already satisfied: typing-inspection>=0.4.2 in /usr/local/lib/python3.11/site-packages (from pydantic>=2.5.0->-r core-requirements.txt (line 2)) (0.4.2)
#30 12.15 Requirement already satisfied: python-dotenv>=0.21.0 in /usr/local/lib/python3.11/site-packages (from pydantic-settings>=2.0.0->-r core-requirements.txt (line 3)) (1.2.1)
#30 12.16 Collecting dnspython>=2.0.0 (from email-validator>=2.0.0->-r core-requirements.txt (line 4))
#30 12.17   Downloading dnspython-2.8.0-py3-none-any.whl.metadata (5.7 kB)
#30 12.18 Requirement already satisfied: idna>=2.0.0 in /usr/local/lib/python3.11/site-packages (from email-validator>=2.0.0->-r core-requirements.txt (line 4)) (3.11)
#30 12.24 Collecting charset_normalizer<4,>=2 (from requests>=2.31.0->-r core-requirements.txt (line 5))
#30 12.25   Downloading charset_normalizer-3.4.4-cp311-cp311-musllinux_1_2_x86_64.whl.metadata (37 kB)
#30 12.27 Collecting urllib3<3,>=1.21.1 (from requests>=2.31.0->-r core-requirements.txt (line 5))
#30 12.27   Downloading urllib3-2.6.3-py3-none-any.whl.metadata (6.9 kB)
#30 12.29 Collecting certifi>=2017.4.17 (from requests>=2.31.0->-r core-requirements.txt (line 5))
#30 12.29   Downloading certifi-2026.1.4-py3-none-any.whl.metadata (2.5 kB)
#30 12.30 Requirement already satisfied: greenlet>=1 in /usr/local/lib/python3.11/site-packages (from sqlalchemy>=2.0.0->sqlalchemy[asyncio]>=2.0.0->-r core-requirements.txt (line 9)) (3.3.1)
#30 12.30 Requirement already satisfied: Mako in /usr/local/lib/python3.11/site-packages (from alembic>=1.13.0->-r core-requirements.txt (line 11)) (1.3.10)
#30 12.33 Collecting pytz (from neo4j>=5.0.0->-r core-requirements.txt (line 12))
#30 12.34   Downloading pytz-2025.2-py2.py3-none-any.whl.metadata (22 kB)
#30 12.36 Collecting six>=1.9.0 (from kubernetes>=28.1.0->-r core-requirements.txt (line 14))
#30 12.36   Downloading six-1.17.0-py2.py3-none-any.whl.metadata (1.7 kB)
#30 12.38 Collecting python-dateutil>=2.5.3 (from kubernetes>=28.1.0->-r core-requirements.txt (line 14))
#30 12.38   Downloading python_dateutil-2.9.0.post0-py2.py3-none-any.whl.metadata (8.4 kB)
#30 12.40 Collecting websocket-client!=0.40.0,!=0.41.*,!=0.42.*,>=0.32.0 (from kubernetes>=28.1.0->-r core-requirements.txt (line 14))
#30 12.41   Downloading websocket_client-1.9.0-py3-none-any.whl.metadata (8.3 kB)
#30 12.42 Collecting requests-oauthlib (from kubernetes>=28.1.0->-r core-requirements.txt (line 14))
#30 12.43   Downloading requests_oauthlib-2.0.0-py2.py3-none-any.whl.metadata (11 kB)
#30 12.44 Collecting durationpy>=0.7 (from kubernetes>=28.1.0->-r core-requirements.txt (line 14))
#30 12.45   Downloading durationpy-0.10-py3-none-any.whl.metadata (340 bytes)
#30 12.45 Requirement already satisfied: MarkupSafe>=2.0 in /usr/local/lib/python3.11/site-packages (from jinja2>=3.1.3->-r core-requirements.txt (line 15)) (3.0.3)
#30 12.45 Requirement already satisfied: anyio in /usr/local/lib/python3.11/site-packages (from httpx>=0.24.0->-r core-requirements.txt (line 16)) (4.12.1)
#30 12.47 Collecting httpcore==1.* (from httpx>=0.24.0->-r core-requirements.txt (line 16))
#30 12.47   Downloading httpcore-1.0.9-py3-none-any.whl.metadata (21 kB)
#30 12.48 Requirement already satisfied: h11>=0.16 in /usr/local/lib/python3.11/site-packages (from httpcore==1.*->httpx>=0.24.0->-r core-requirements.txt (line 16)) (0.16.0)
#30 12.48 Requirement already satisfied: prometheus-client>=0.17.0 in /usr/local/lib/python3.11/site-packages (from itl-controlplane-sdk>=1.0.0->itl-controlplane-sdk[fastapi,messaging,persistence-sqlalchemy,persistence-sqlalchemy-neo4j]>=1.0.0->-r core-requirements.txt (line 17)) (0.24.1)
#30 12.48 Requirement already satisfied: fastapi>=0.104.0 in /usr/local/lib/python3.11/site-packages (from itl-controlplane-sdk[fastapi,messaging,persistence-sqlalchemy,persistence-sqlalchemy-neo4j]>=1.0.0->-r core-requirements.txt (line 17)) (0.129.0)
#30 12.48 Requirement already satisfied: uvicorn>=0.24.0 in /usr/local/lib/python3.11/site-packages (from uvicorn[standard]>=0.24.0; extra == "fastapi"->itl-controlplane-sdk[fastapi,messaging,persistence-sqlalchemy,persistence-sqlalchemy-neo4j]>=1.0.0->-r core-requirements.txt (line 17)) (0.40.0)
#30 12.48 Requirement already satisfied: starlette>=0.27.0 in /usr/local/lib/python3.11/site-packages (from itl-controlplane-sdk[fastapi,messaging,persistence-sqlalchemy,persistence-sqlalchemy-neo4j]>=1.0.0->-r core-requirements.txt (line 17)) (0.52.1)
#30 12.49 Requirement already satisfied: annotated-doc>=0.0.2 in /usr/local/lib/python3.11/site-packages (from fastapi>=0.104.0->itl-controlplane-sdk[fastapi,messaging,persistence-sqlalchemy,persistence-sqlalchemy-neo4j]>=1.0.0->-r core-requirements.txt (line 17)) (0.0.4)
#30 12.50 Requirement already satisfied: click>=7.0 in /usr/local/lib/python3.11/site-packages (from uvicorn>=0.24.0->uvicorn[standard]>=0.24.0; extra == "fastapi"->itl-controlplane-sdk[fastapi,messaging,persistence-sqlalchemy,persistence-sqlalchemy-neo4j]>=1.0.0->-r core-requirements.txt (line 17)) (8.3.1)
#30 12.50 Requirement already satisfied: httptools>=0.6.3 in /usr/local/lib/python3.11/site-packages (from uvicorn[standard]>=0.24.0; extra == "fastapi"->itl-controlplane-sdk[fastapi,messaging,persistence-sqlalchemy,persistence-sqlalchemy-neo4j]>=1.0.0->-r core-requirements.txt (line 17)) (0.7.1)
#30 12.50 Requirement already satisfied: uvloop>=0.15.1 in /usr/local/lib/python3.11/site-packages (from uvicorn[standard]>=0.24.0; extra == "fastapi"->itl-controlplane-sdk[fastapi,messaging,persistence-sqlalchemy,persistence-sqlalchemy-neo4j]>=1.0.0->-r core-requirements.txt (line 17)) (0.22.1)
#30 12.50 Requirement already satisfied: watchfiles>=0.13 in /usr/local/lib/python3.11/site-packages (from uvicorn[standard]>=0.24.0; extra == "fastapi"->itl-controlplane-sdk[fastapi,messaging,persistence-sqlalchemy,persistence-sqlalchemy-neo4j]>=1.0.0->-r core-requirements.txt (line 17)) (1.1.1)
#30 12.50 Requirement already satisfied: websockets>=10.4 in /usr/local/lib/python3.11/site-packages (from uvicorn[standard]>=0.24.0; extra == "fastapi"->itl-controlplane-sdk[fastapi,messaging,persistence-sqlalchemy,persistence-sqlalchemy-neo4j]>=1.0.0->-r core-requirements.txt (line 17)) (16.0)
#30 12.52 Collecting oauthlib>=3.0.0 (from requests-oauthlib->kubernetes>=28.1.0->-r core-requirements.txt (line 14))
#30 12.52   Downloading oauthlib-3.3.1-py3-none-any.whl.metadata (7.9 kB)
#30 12.53 Downloading email_validator-2.3.0-py3-none-any.whl (35 kB)
#30 12.54 Downloading requests-2.32.5-py3-none-any.whl (64 kB)
#30 12.56 Downloading charset_normalizer-3.4.4-cp311-cp311-musllinux_1_2_x86_64.whl (152 kB)
#30 12.58 Downloading urllib3-2.6.3-py3-none-any.whl (131 kB)
#30 12.60 Downloading structlog-25.5.0-py3-none-any.whl (72 kB)
#30 12.61 Downloading neo4j-6.1.0-py3-none-any.whl (325 kB)
#30 12.64 Downloading docker-7.1.0-py3-none-any.whl (147 kB)
#30 12.66 Downloading kubernetes-35.0.0-py2.py3-none-any.whl (2.0 MB)
#30 12.81    ━━━━━━━━━━━━━━━━━━━━━━━━━━━━━━━━━━━━━━━━ 2.0/2.0 MB 13.4 MB/s  0:00:00
#30 12.82 Downloading jinja2-3.1.6-py3-none-any.whl (134 kB)
#30 12.84 Downloading httpx-0.28.1-py3-none-any.whl (73 kB)
#30 12.85 Downloading httpcore-1.0.9-py3-none-any.whl (78 kB)
#30 12.86 Downloading certifi-2026.1.4-py3-none-any.whl (152 kB)
#30 12.88 Downloading dnspython-2.8.0-py3-none-any.whl (331 kB)
#30 12.90 Downloading durationpy-0.10-py3-none-any.whl (3.9 kB)
#30 12.90 Downloading python_dateutil-2.9.0.post0-py2.py3-none-any.whl (229 kB)
#30 12.92 Downloading six-1.17.0-py2.py3-none-any.whl (11 kB)
#30 12.93 Downloading websocket_client-1.9.0-py3-none-any.whl (82 kB)
#30 12.94 Downloading pytz-2025.2-py2.py3-none-any.whl (509 kB)
#30 12.97 Downloading requests_oauthlib-2.0.0-py2.py3-none-any.whl (24 kB)
#30 12.98 Downloading oauthlib-3.3.1-py3-none-any.whl (160 kB)
#30 13.04 Installing collected packages: pytz, durationpy, websocket-client, urllib3, structlog, six, oauthlib, neo4j, jinja2, dnspython, charset_normalizer, certifi, requests, python-dateutil, httpcore, email-validator, requests-oauthlib, httpx, docker, kubernetes
#30 ...

#27 [identity-provider  6/12] RUN pip install --no-cache-dir -e "/sdk[all]"
#27 16.92 Successfully installed Mako-1.3.10 MarkupSafe-3.0.3 alembic-1.18.4 annotated-doc-0.0.4 annotated-types-0.7.0 anyio-4.12.1 arpeggio-2.0.3 asyncpg-0.31.0 attrs-25.4.0 certifi-2026.1.4 charset_normalizer-3.4.4 click-8.3.1 debugpy-1.8.20 dill-0.4.1 dnspython-2.8.0 email-validator-2.3.0 fastapi-0.129.0 greenlet-3.3.1 grpcio-1.78.0 h11-0.16.0 httptools-0.7.1 idna-3.11 itl-controlplane-sdk-1.0.0 parver-0.5 pip-26.0.1 prometheus-client-0.24.1 protobuf-6.33.5 pulumi-3.220.0 pulumi-kubernetes-4.25.0 pydantic-2.12.5 pydantic-core-2.41.5 pydantic-settings-2.12.0 python-dotenv-1.2.1 pyyaml-6.0.3 requests-2.32.5 semver-3.0.4 sqlalchemy-2.0.46 starlette-0.52.1 typing-extensions-4.15.0 typing-inspection-0.4.2 urllib3-2.6.3 uvicorn-0.40.0 uvloop-0.22.1 watchfiles-1.1.1 websockets-16.0
#27 16.93 WARNING: Running pip as the 'root' user can result in broken permissions and conflicting behaviour with the system package manager. It is recommended to use a virtual environment instead: https://pip.pypa.io/warnings/venv
#27 DONE 18.0s

#41 [api-gateway builder 5/6] RUN pip install --upgrade pip setuptools wheel &&     pip install --no-cache-dir -r api-requirements.txt
#41 2.737   Attempting uninstall: pip
#41 2.739     Found existing installation: pip 24.0
#41 2.763     Uninstalling pip-24.0:
#41 2.878       Successfully uninstalled pip-24.0
#41 3.604   Attempting uninstall: wheel
#41 3.605     Found existing installation: wheel 0.45.1
#41 3.607     Uninstalling wheel-0.45.1:
#41 3.617       Successfully uninstalled wheel-0.45.1
#41 3.645 Successfully installed packaging-26.0 pip-26.0.1 setuptools-82.0.0 wheel-0.46.3
#41 3.645 WARNING: Running pip as the 'root' user can result in broken permissions and conflicting behaviour with the system package manager. It is recommended to use a virtual environment instead: https://pip.pypa.io/warnings/venv
#41 4.012 Collecting fastapi>=0.104.0 (from -r api-requirements.txt (line 1))
#41 4.051   Downloading fastapi-0.129.0-py3-none-any.whl.metadata (30 kB)
#41 4.077 Collecting uvicorn>=0.24.0 (from uvicorn[standard]>=0.24.0->-r api-requirements.txt (line 2))
#41 4.085   Downloading uvicorn-0.40.0-py3-none-any.whl.metadata (6.7 kB)
#41 4.162 Collecting pydantic>=2.0.0 (from -r api-requirements.txt (line 3))
#41 4.170   Downloading pydantic-2.12.5-py3-none-any.whl.metadata (90 kB)
#41 4.197 Collecting python-dotenv>=1.0.0 (from -r api-requirements.txt (line 4))
#41 4.205   Downloading python_dotenv-1.2.1-py3-none-any.whl.metadata (25 kB)
#41 4.495 Collecting aiohttp>=3.9.0 (from -r api-requirements.txt (line 5))
#41 4.503   Downloading aiohttp-3.13.3-cp311-cp311-musllinux_1_2_x86_64.whl.metadata (8.1 kB)
#41 4.517 Collecting httpx>=0.25.0 (from -r api-requirements.txt (line 6))
#41 4.525   Downloading httpx-0.28.1-py3-none-any.whl.metadata (7.1 kB)
#41 4.551 Collecting pyyaml>=6.0 (from -r api-requirements.txt (line 7))
#41 4.560   Downloading pyyaml-6.0.3-cp311-cp311-musllinux_1_2_x86_64.whl.metadata (2.4 kB)
#41 4.578 Collecting requests>=2.31.0 (from -r api-requirements.txt (line 8))
#41 4.585   Downloading requests-2.32.5-py3-none-any.whl.metadata (4.9 kB)
#41 4.610 Collecting aio-pika>=9.0.0 (from -r api-requirements.txt (line 11))
#41 4.618   Downloading aio_pika-9.5.8-py3-none-any.whl.metadata (16 kB)
#41 4.660 Collecting psycopg2-binary>=2.9.0 (from -r api-requirements.txt (line 14))
#41 4.668   Downloading psycopg2_binary-2.9.11-cp311-cp311-musllinux_1_2_x86_64.whl.metadata (4.9 kB)
#41 4.696 Collecting asyncpg>=0.29.0 (from -r api-requirements.txt (line 15))
#41 4.705   Downloading asyncpg-0.31.0-cp311-cp311-musllinux_1_2_x86_64.whl.metadata (4.4 kB)
#41 4.726 Collecting pytest>=7.0.0 (from -r api-requirements.txt (line 21))
#41 4.734   Downloading pytest-9.0.2-py3-none-any.whl.metadata (7.6 kB)
#41 4.749 Collecting pytest-asyncio>=0.21.0 (from -r api-requirements.txt (line 22))
#41 4.760   Downloading pytest_asyncio-1.3.0-py3-none-any.whl.metadata (4.1 kB)
#41 4.791 Collecting black>=22.0.0 (from -r api-requirements.txt (line 23))
#41 4.807   Downloading black-26.1.0-py3-none-any.whl.metadata (88 kB)
#41 4.910 Collecting mypy>=1.0.0 (from -r api-requirements.txt (line 24))
#41 4.918   Downloading mypy-1.19.1-cp311-cp311-musllinux_1_2_x86_64.whl.metadata (2.2 kB)
#41 4.935 Collecting flake8>=6.0.0 (from -r api-requirements.txt (line 25))
#41 4.943   Downloading flake8-7.3.0-py2.py3-none-any.whl.metadata (3.8 kB)
#41 4.962 Collecting starlette<1.0.0,>=0.40.0 (from fastapi>=0.104.0->-r api-requirements.txt (line 1))
#41 4.971   Downloading starlette-0.52.1-py3-none-any.whl.metadata (6.3 kB)
#41 4.991 Collecting typing-extensions>=4.8.0 (from fastapi>=0.104.0->-r api-requirements.txt (line 1))
#41 4.999   Downloading typing_extensions-4.15.0-py3-none-any.whl.metadata (3.3 kB)
#41 5.010 Collecting typing-inspection>=0.4.2 (from fastapi>=0.104.0->-r api-requirements.txt (line 1))
#41 5.018   Downloading typing_inspection-0.4.2-py3-none-any.whl.metadata (2.6 kB)
#41 5.027 Collecting annotated-doc>=0.0.2 (from fastapi>=0.104.0->-r api-requirements.txt (line 1))
#41 5.035   Downloading annotated_doc-0.0.4-py3-none-any.whl.metadata (6.6 kB)
#41 5.049 Collecting anyio<5,>=3.6.2 (from starlette<1.0.0,>=0.40.0->fastapi>=0.104.0->-r api-requirements.txt (line 1))
#41 5.057   Downloading anyio-4.12.1-py3-none-any.whl.metadata (4.3 kB)
#41 5.069 Collecting idna>=2.8 (from anyio<5,>=3.6.2->starlette<1.0.0,>=0.40.0->fastapi>=0.104.0->-r api-requirements.txt (line 1))
#41 5.076   Downloading idna-3.11-py3-none-any.whl.metadata (8.4 kB)
#41 5.091 Collecting click>=7.0 (from uvicorn>=0.24.0->uvicorn[standard]>=0.24.0->-r api-requirements.txt (line 2))
#41 5.099   Downloading click-8.3.1-py3-none-any.whl.metadata (2.6 kB)
#41 5.108 Collecting h11>=0.8 (from uvicorn>=0.24.0->uvicorn[standard]>=0.24.0->-r api-requirements.txt (line 2))
#41 5.116   Downloading h11-0.16.0-py3-none-any.whl.metadata (8.3 kB)
#41 5.130 Collecting annotated-types>=0.6.0 (from pydantic>=2.0.0->-r api-requirements.txt (line 3))
#41 5.138   Downloading annotated_types-0.7.0-py3-none-any.whl.metadata (15 kB)
#41 5.594 Collecting pydantic-core==2.41.5 (from pydantic>=2.0.0->-r api-requirements.txt (line 3))
#41 5.603   Downloading pydantic_core-2.41.5-cp311-cp311-musllinux_1_1_x86_64.whl.metadata (7.3 kB)
#41 5.618 Collecting aiohappyeyeballs>=2.5.0 (from aiohttp>=3.9.0->-r api-requirements.txt (line 5))
#41 ...

#43 [identity-provider  7/12] COPY ITL.ControlPlane.ResourceProvider.Identity/pyproject.toml .
#43 DONE 0.1s

#41 [api-gateway builder 5/6] RUN pip install --upgrade pip setuptools wheel &&     pip install --no-cache-dir -r api-requirements.txt
#41 5.629   Downloading aiohappyeyeballs-2.6.1-py3-none-any.whl.metadata (5.9 kB)
#41 5.639 Collecting aiosignal>=1.4.0 (from aiohttp>=3.9.0->-r api-requirements.txt (line 5))
#41 5.648   Downloading aiosignal-1.4.0-py3-none-any.whl.metadata (3.7 kB)
#41 5.659 Collecting attrs>=17.3.0 (from aiohttp>=3.9.0->-r api-requirements.txt (line 5))
#41 5.667   Downloading attrs-25.4.0-py3-none-any.whl.metadata (10 kB)
#41 ...

#30 [core-provider builder 4/4] RUN pip install --upgrade pip setuptools wheel &&     pip install --no-cache-dir ./ITL.ControlPanel.SDK[fastapi,persistence-sqlalchemy] &&     pip install --no-cache-dir -r core-requirements.txt
#30 15.20 
#30 15.20 Successfully installed certifi-2026.1.4 charset_normalizer-3.4.4 dnspython-2.8.0 docker-7.1.0 durationpy-0.10 email-validator-2.3.0 httpcore-1.0.9 httpx-0.28.1 jinja2-3.1.6 kubernetes-35.0.0 neo4j-6.1.0 oauthlib-3.3.1 python-dateutil-2.9.0.post0 pytz-2025.2 requests-2.32.5 requests-oauthlib-2.0.0 six-1.17.0 structlog-25.5.0 urllib3-2.6.3 websocket-client-1.9.0
#30 15.20 WARNING: Running pip as the 'root' user can result in broken permissions and conflicting behaviour with the system package manager, possibly rendering your system unusable. It is recommended to use a virtual environment instead: https://pip.pypa.io/warnings/venv. Use the --root-user-action option if you know what you are doing and want to suppress this warning.
#30 DONE 15.4s

#41 [api-gateway builder 5/6] RUN pip install --upgrade pip setuptools wheel &&     pip install --no-cache-dir -r api-requirements.txt
#41 5.765 Collecting frozenlist>=1.1.1 (from aiohttp>=3.9.0->-r api-requirements.txt (line 5))
#41 5.777   Downloading frozenlist-1.8.0-cp311-cp311-musllinux_1_2_x86_64.whl.metadata (20 kB)
#41 5.906 Collecting multidict<7.0,>=4.5 (from aiohttp>=3.9.0->-r api-requirements.txt (line 5))
#41 5.915   Downloading multidict-6.7.1-cp311-cp311-musllinux_1_2_x86_64.whl.metadata (5.3 kB)
#41 5.952 Collecting propcache>=0.2.0 (from aiohttp>=3.9.0->-r api-requirements.txt (line 5))
#41 5.963   Downloading propcache-0.4.1-cp311-cp311-musllinux_1_2_x86_64.whl.metadata (13 kB)
#41 6.195 Collecting yarl<2.0,>=1.17.0 (from aiohttp>=3.9.0->-r api-requirements.txt (line 5))
#41 6.209   Downloading yarl-1.22.0-cp311-cp311-musllinux_1_2_x86_64.whl.metadata (75 kB)
#41 6.241 Collecting certifi (from httpx>=0.25.0->-r api-requirements.txt (line 6))
#41 6.249   Downloading certifi-2026.1.4-py3-none-any.whl.metadata (2.5 kB)
#41 6.262 Collecting httpcore==1.* (from httpx>=0.25.0->-r api-requirements.txt (line 6))
#41 6.273   Downloading httpcore-1.0.9-py3-none-any.whl.metadata (21 kB)
#41 6.330 Collecting charset_normalizer<4,>=2 (from requests>=2.31.0->-r api-requirements.txt (line 8))
#41 6.339   Downloading charset_normalizer-3.4.4-cp311-cp311-musllinux_1_2_x86_64.whl.metadata (37 kB)
#41 6.361 Collecting urllib3<3,>=1.21.1 (from requests>=2.31.0->-r api-requirements.txt (line 8))
#41 6.368   Downloading urllib3-2.6.3-py3-none-any.whl.metadata (6.9 kB)
#41 6.387 Collecting aiormq<7.0,>=6.8 (from aio-pika>=9.0.0->-r api-requirements.txt (line 11))
#41 6.394   Downloading aiormq-6.9.2-py3-none-any.whl.metadata (19 kB)
#41 6.409 Collecting pamqp==3.3.0 (from aiormq<7.0,>=6.8->aio-pika>=9.0.0->-r api-requirements.txt (line 11))
#41 6.417   Downloading pamqp-3.3.0-py2.py3-none-any.whl.metadata (4.7 kB)
#41 6.432 Collecting iniconfig>=1.0.1 (from pytest>=7.0.0->-r api-requirements.txt (line 21))
#41 6.440   Downloading iniconfig-2.3.0-py3-none-any.whl.metadata (2.5 kB)
#41 6.441 Requirement already satisfied: packaging>=22 in /usr/local/lib/python3.11/site-packages (from pytest>=7.0.0->-r api-requirements.txt (line 21)) (26.0)
#41 6.449 Collecting pluggy<2,>=1.5 (from pytest>=7.0.0->-r api-requirements.txt (line 21))
#41 6.456   Downloading pluggy-1.6.0-py3-none-any.whl.metadata (4.8 kB)
#41 6.470 Collecting pygments>=2.7.2 (from pytest>=7.0.0->-r api-requirements.txt (line 21))
#41 6.478   Downloading pygments-2.19.2-py3-none-any.whl.metadata (2.5 kB)
#41 6.490 Collecting mypy-extensions>=0.4.3 (from black>=22.0.0->-r api-requirements.txt (line 23))
#41 6.498   Downloading mypy_extensions-1.1.0-py3-none-any.whl.metadata (1.1 kB)
#41 6.507 Collecting pathspec>=1.0.0 (from black>=22.0.0->-r api-requirements.txt (line 23))
#41 6.517   Downloading pathspec-1.0.4-py3-none-any.whl.metadata (13 kB)
#41 6.533 Collecting platformdirs>=2 (from black>=22.0.0->-r api-requirements.txt (line 23))
#41 6.540   Downloading platformdirs-4.9.1-py3-none-any.whl.metadata (4.7 kB)
#41 6.553 Collecting pytokens>=0.3.0 (from black>=22.0.0->-r api-requirements.txt (line 23))
#41 6.562   Downloading pytokens-0.4.1-cp311-cp311-musllinux_1_2_x86_64.whl.metadata (3.8 kB)
#41 6.620 Collecting librt>=0.6.2 (from mypy>=1.0.0->-r api-requirements.txt (line 24))
#41 6.627   Downloading librt-0.8.0-cp311-cp311-musllinux_1_2_x86_64.whl.metadata (1.3 kB)
#41 6.638 Collecting mccabe<0.8.0,>=0.7.0 (from flake8>=6.0.0->-r api-requirements.txt (line 25))
#41 6.646   Downloading mccabe-0.7.0-py2.py3-none-any.whl.metadata (5.0 kB)
#41 6.655 Collecting pycodestyle<2.15.0,>=2.14.0 (from flake8>=6.0.0->-r api-requirements.txt (line 25))
#41 6.663   Downloading pycodestyle-2.14.0-py2.py3-none-any.whl.metadata (4.5 kB)
#41 6.676 Collecting pyflakes<3.5.0,>=3.4.0 (from flake8>=6.0.0->-r api-requirements.txt (line 25))
#41 6.684   Downloading pyflakes-3.4.0-py2.py3-none-any.whl.metadata (3.5 kB)
#41 6.712 Collecting httptools>=0.6.3 (from uvicorn[standard]>=0.24.0->-r api-requirements.txt (line 2))
#41 6.720   Downloading httptools-0.7.1-cp311-cp311-musllinux_1_2_x86_64.whl.metadata (3.5 kB)
#41 6.748 Collecting uvloop>=0.15.1 (from uvicorn[standard]>=0.24.0->-r api-requirements.txt (line 2))
#41 6.755   Downloading uvloop-0.22.1-cp311-cp311-musllinux_1_2_x86_64.whl.metadata (4.9 kB)
#41 6.798 Collecting watchfiles>=0.13 (from uvicorn[standard]>=0.24.0->-r api-requirements.txt (line 2))
#41 6.808   Downloading watchfiles-1.1.1-cp311-cp311-musllinux_1_1_x86_64.whl.metadata (4.9 kB)
#41 6.862 Collecting websockets>=10.4 (from uvicorn[standard]>=0.24.0->-r api-requirements.txt (line 2))
#41 6.871   Downloading websockets-16.0-cp311-cp311-musllinux_1_2_x86_64.whl.metadata (6.8 kB)
#41 6.884 Downloading fastapi-0.129.0-py3-none-any.whl (102 kB)
#41 6.896 Downloading starlette-0.52.1-py3-none-any.whl (74 kB)
#41 6.905 Downloading anyio-4.12.1-py3-none-any.whl (113 kB)
#41 6.920 Downloading uvicorn-0.40.0-py3-none-any.whl (68 kB)
#41 6.930 Downloading pydantic-2.12.5-py3-none-any.whl (463 kB)
#41 6.975 Downloading pydantic_core-2.41.5-cp311-cp311-musllinux_1_1_x86_64.whl (2.3 MB)
#41 7.125    ━━━━━━━━━━━━━━━━━━━━━━━━━━━━━━━━━━━━━━━━ 2.3/2.3 MB 16.5 MB/s  0:00:00
#41 ...

#44 [core-provider runtime  2/14] COPY --from=builder /usr/local/lib/python3.11/site-packages /usr/local/lib/python3.11/site-packages
#44 DONE 0.8s

#41 [api-gateway builder 5/6] RUN pip install --upgrade pip setuptools wheel &&     pip install --no-cache-dir -r api-requirements.txt
#41 7.125    ━━━━━━━━━━━━━━━━━━━━━━━━━━━━━━━━━━━━━━━━ 2.3/2.3 MB 16.5 MB/s  0:00:00
#41 7.133 Downloading python_dotenv-1.2.1-py3-none-any.whl (21 kB)
#41 7.145 Downloading aiohttp-3.13.3-cp311-cp311-musllinux_1_2_x86_64.whl (1.7 MB)
#41 7.267    ━━━━━━━━━━━━━━━━━━━━━━━━━━━━━━━━━━━━━━━━ 1.7/1.7 MB 14.1 MB/s  0:00:00#41 ...

#45 [core-provider runtime  3/14] COPY --from=builder /usr/local/bin /usr/local/bin
#45 DONE 0.1s

#46 [core-provider runtime  4/14] COPY ITL.ControlPanel.SDK/alembic.ini ./alembic.ini
#46 DONE 0.1s

#41 [api-gateway builder 5/6] RUN pip install --upgrade pip setuptools wheel &&     pip install --no-cache-dir -r api-requirements.txt
#41 7.267    ━━━━━━━━━━━━━━━━━━━━━━━━━━━━━━━━━━━━━━━━ 1.7/1.7 MB 14.1 MB/s  0:00:00
#41 7.276 Downloading multidict-6.7.1-cp311-cp311-musllinux_1_2_x86_64.whl (241 kB)
#41 7.299 Downloading yarl-1.22.0-cp311-cp311-musllinux_1_2_x86_64.whl (370 kB)
#41 7.335 Downloading httpx-0.28.1-py3-none-any.whl (73 kB)
#41 7.346 Downloading httpcore-1.0.9-py3-none-any.whl (78 kB)
#41 7.358 Downloading pyyaml-6.0.3-cp311-cp311-musllinux_1_2_x86_64.whl (794 kB)
#41 7.410    ━━━━━━━━━━━━━━━━━━━━━━━━━━━━━━━━━━━━━━━━ 795.0/795.0 kB 15.3 MB/s  0:00:00
#41 ...

#47 [core-provider runtime  5/14] COPY ITL.ControlPanel.SDK/alembic/ ./alembic/
#47 DONE 0.1s

#41 [api-gateway builder 5/6] RUN pip install --upgrade pip setuptools wheel &&     pip install --no-cache-dir -r api-requirements.txt
#41 7.417 Downloading requests-2.32.5-py3-none-any.whl (64 kB)
#41 7.428 Downloading charset_normalizer-3.4.4-cp311-cp311-musllinux_1_2_x86_64.whl (152 kB)
#41 7.445 Downloading idna-3.11-py3-none-any.whl (71 kB)
#41 7.457 Downloading urllib3-2.6.3-py3-none-any.whl (131 kB)
#41 7.474 Downloading aio_pika-9.5.8-py3-none-any.whl (54 kB)
#41 7.484 Downloading aiormq-6.9.2-py3-none-any.whl (31 kB)
#41 7.496 Downloading pamqp-3.3.0-py2.py3-none-any.whl (33 kB)
#41 7.505 Downloading psycopg2_binary-2.9.11-cp311-cp311-musllinux_1_2_x86_64.whl (3.3 MB)
#41 ...

#48 [core-provider runtime  6/14] COPY ITL.ControlPanel.SDK/ ./ITL.ControlPanel.SDK/
#48 DONE 0.2s

#41 [api-gateway builder 5/6] RUN pip install --upgrade pip setuptools wheel &&     pip install --no-cache-dir -r api-requirements.txt
#41 7.740    ━━━━━━━━━━━━━━━━━━━━━━━━━━━━━━━━━━━━━━━━ 3.3/3.3 MB 14.5 MB/s  0:00:00
#41 7.750 Downloading asyncpg-0.31.0-cp311-cp311-musllinux_1_2_x86_64.whl (3.0 MB)
#41 7.939    ━━━━━━━━━━━━━━━━━━━━━━━━━━━━━━━━━━━━━━━━ 3.0/3.0 MB 15.5 MB/s  0:00:00
#41 7.947 Downloading pytest-9.0.2-py3-none-any.whl (374 kB)
#41 7.982 Downloading pluggy-1.6.0-py3-none-any.whl (20 kB)
#41 7.990 Downloading pytest_asyncio-1.3.0-py3-none-any.whl (15 kB)
#41 7.999 Downloading black-26.1.0-py3-none-any.whl (204 kB)
#41 8.024 Downloading mypy-1.19.1-cp311-cp311-musllinux_1_2_x86_64.whl (13.7 MB)
#41 9.038    ━━━━━━━━━━━━━━━━━━━━━━━━━━━━━━━━━━━━━━━━ 13.7/13.7 MB 13.3 MB/s  0:00:01
#41 9.048 Downloading flake8-7.3.0-py2.py3-none-any.whl (57 kB)
#41 9.057 Downloading mccabe-0.7.0-py2.py3-none-any.whl (7.3 kB)
#41 9.066 Downloading pycodestyle-2.14.0-py2.py3-none-any.whl (31 kB)
#41 9.074 Downloading pyflakes-3.4.0-py2.py3-none-any.whl (63 kB)
#41 9.087 Downloading aiohappyeyeballs-2.6.1-py3-none-any.whl (15 kB)
#41 9.095 Downloading aiosignal-1.4.0-py3-none-any.whl (7.5 kB)
#41 9.106 Downloading annotated_doc-0.0.4-py3-none-any.whl (5.3 kB)
#41 9.114 Downloading annotated_types-0.7.0-py3-none-any.whl (13 kB)
#41 9.120 Downloading attrs-25.4.0-py3-none-any.whl (67 kB)
#41 9.130 Downloading certifi-2026.1.4-py3-none-any.whl (152 kB)
#41 9.142 Downloading click-8.3.1-py3-none-any.whl (108 kB)
#41 9.154 Downloading frozenlist-1.8.0-cp311-cp311-musllinux_1_2_x86_64.whl (229 kB)
#41 9.179 Downloading h11-0.16.0-py3-none-any.whl (37 kB)
#41 9.188 Downloading iniconfig-2.3.0-py3-none-any.whl (7.5 kB)
#41 9.196 Downloading librt-0.8.0-cp311-cp311-musllinux_1_2_x86_64.whl (234 kB)
#41 9.219 Downloading mypy_extensions-1.1.0-py3-none-any.whl (5.0 kB)
#41 9.227 Downloading pathspec-1.0.4-py3-none-any.whl (55 kB)
#41 9.236 Downloading platformdirs-4.9.1-py3-none-any.whl (21 kB)
#41 9.243 Downloading propcache-0.4.1-cp311-cp311-musllinux_1_2_x86_64.whl (205 kB)
#41 9.267 Downloading pygments-2.19.2-py3-none-any.whl (1.2 MB)
#41 9.352    ━━━━━━━━━━━━━━━━━━━━━━━━━━━━━━━━━━━━━━━━ 1.2/1.2 MB 13.2 MB/s  0:00:00
#41 9.360 Downloading pytokens-0.4.1-cp311-cp311-musllinux_1_2_x86_64.whl (264 kB)
#41 9.389 Downloading typing_extensions-4.15.0-py3-none-any.whl (44 kB)
#41 9.398 Downloading typing_inspection-0.4.2-py3-none-any.whl (14 kB)
#41 9.408 Downloading httptools-0.7.1-cp311-cp311-musllinux_1_2_x86_64.whl (440 kB)
#41 9.438 Downloading uvloop-0.22.1-cp311-cp311-musllinux_1_2_x86_64.whl (3.7 MB)
#41 9.714    ━━━━━━━━━━━━━━━━━━━━━━━━━━━━━━━━━━━━━━━━ 3.7/3.7 MB 13.5 MB/s  0:00:00
#41 9.722 Downloading watchfiles-1.1.1-cp311-cp311-musllinux_1_1_x86_64.whl (623 kB)
#41 9.766    ━━━━━━━━━━━━━━━━━━━━━━━━━━━━━━━━━━━━━━━━ 623.0/623.0 kB 12.6 MB/s  0:00:00
#41 9.774 Downloading websockets-16.0-cp311-cp311-musllinux_1_2_x86_64.whl (184 kB)
#41 9.901 Installing collected packages: websockets, uvloop, urllib3, typing-extensions, pyyaml, pytokens, python-dotenv, pygments, pyflakes, pycodestyle, psycopg2-binary, propcache, pluggy, platformdirs, pathspec, pamqp, mypy-extensions, multidict, mccabe, librt, iniconfig, idna, httptools, h11, frozenlist, click, charset_normalizer, certifi, attrs, asyncpg, annotated-types, annotated-doc, aiohappyeyeballs, yarl, uvicorn, typing-inspection, requests, pytest, pydantic-core, mypy, httpcore, flake8, black, anyio, aiosignal, watchfiles, starlette, pytest-asyncio, pydantic, httpx, aiormq, aiohttp, fastapi, aio-pika
#41 ...

#49 [identity-provider  8/12] RUN pip install --no-cache-dir -e .
#49 0.507 Obtaining file:///app
#49 0.508   Installing build dependencies: started
#49 1.139   Installing build dependencies: finished with status 'done'
#49 1.140   Checking if build backend supports build_editable: started
#49 1.357   Checking if build backend supports build_editable: finished with status 'done'
#49 1.357   Getting requirements to build editable: started
#49 1.635   Getting requirements to build editable: finished with status 'done'
#49 1.636   Preparing editable metadata (pyproject.toml): started
#49 1.772   Preparing editable metadata (pyproject.toml): finished with status 'done'
#49 1.775 Requirement already satisfied: itl-controlplane-sdk>=1.0.0 in /usr/local/lib/python3.11/site-packages (from itl-controlplane-sdk[fastapi]>=1.0.0->itl-identity-provider==1.0.0) (1.0.0)
#49 1.776 Requirement already satisfied: uvicorn>=0.27.0 in /usr/local/lib/python3.11/site-packages (from itl-identity-provider==1.0.0) (0.40.0)
#49 1.822 Collecting httpx>=0.26.0 (from itl-identity-provider==1.0.0)
#49 1.867   Downloading httpx-0.28.1-py3-none-any.whl.metadata (7.1 kB)
#49 1.870 Requirement already satisfied: pyyaml>=6.0 in /usr/local/lib/python3.11/site-packages (from itl-identity-provider==1.0.0) (6.0.3)
#49 2.016 Collecting python-keycloak>=3.9.0 (from itl-identity-provider==1.0.0)
#49 2.026   Downloading python_keycloak-7.1.0-py3-none-any.whl.metadata (6.0 kB)
#49 2.039 Collecting PyJWT>=2.8.0 (from PyJWT[crypto]>=2.8.0->itl-identity-provider==1.0.0)
#49 2.047   Downloading pyjwt-2.11.0-py3-none-any.whl.metadata (4.0 kB)
#49 2.163 Collecting cryptography>=41.0.0 (from itl-identity-provider==1.0.0)
#49 2.177   Downloading cryptography-46.0.5-cp311-abi3-musllinux_1_2_x86_64.whl.metadata (5.7 kB)
#49 2.192 Collecting neo4j>=5.0.0 (from itl-identity-provider==1.0.0)
#49 2.199   Downloading neo4j-6.1.0-py3-none-any.whl.metadata (5.3 kB)
#49 2.265 Collecting cffi>=2.0.0 (from cryptography>=41.0.0->itl-identity-provider==1.0.0)
#49 2.273   Downloading cffi-2.0.0-cp311-cp311-musllinux_1_2_x86_64.whl.metadata (2.6 kB)
#49 2.283 Collecting pycparser (from cffi>=2.0.0->cryptography>=41.0.0->itl-identity-provider==1.0.0)
#49 2.291   Downloading pycparser-3.0-py3-none-any.whl.metadata (8.2 kB)
#49 2.293 Requirement already satisfied: anyio in /usr/local/lib/python3.11/site-packages (from httpx>=0.26.0->itl-identity-provider==1.0.0) (4.12.1)
#49 2.293 Requirement already satisfied: certifi in /usr/local/lib/python3.11/site-packages (from httpx>=0.26.0->itl-identity-provider==1.0.0) (2026.1.4)
#49 2.305 Collecting httpcore==1.* (from httpx>=0.26.0->itl-identity-provider==1.0.0)
#49 2.313   Downloading httpcore-1.0.9-py3-none-any.whl.metadata (21 kB)
#49 2.321 Requirement already satisfied: idna in /usr/local/lib/python3.11/site-packages (from httpx>=0.26.0->itl-identity-provider==1.0.0) (3.11)
#49 2.321 Requirement already satisfied: h11>=0.16 in /usr/local/lib/python3.11/site-packages (from httpcore==1.*->httpx>=0.26.0->itl-identity-provider==1.0.0) (0.16.0)
#49 2.323 Requirement already satisfied: pydantic<3.0.0,>=2.0.0 in /usr/local/lib/python3.11/site-packages (from itl-controlplane-sdk>=1.0.0->itl-controlplane-sdk[fastapi]>=1.0.0->itl-identity-provider==1.0.0) (2.12.5)
#49 2.323 Requirement already satisfied: typing-extensions>=4.0.0 in /usr/local/lib/python3.11/site-packages (from itl-controlplane-sdk>=1.0.0->itl-controlplane-sdk[fastapi]>=1.0.0->itl-identity-provider==1.0.0) (4.15.0)
#49 2.323 Requirement already satisfied: pydantic-settings>=2.0.0 in /usr/local/lib/python3.11/site-packages (from itl-controlplane-sdk>=1.0.0->itl-controlplane-sdk[fastapi]>=1.0.0->itl-identity-provider==1.0.0) (2.12.0)
#49 2.323 Requirement already satisfied: prometheus-client>=0.17.0 in /usr/local/lib/python3.11/site-packages (from itl-controlplane-sdk>=1.0.0->itl-controlplane-sdk[fastapi]>=1.0.0->itl-identity-provider==1.0.0) (0.24.1)
#49 2.326 Requirement already satisfied: annotated-types>=0.6.0 in /usr/local/lib/python3.11/site-packages (from pydantic<3.0.0,>=2.0.0->itl-controlplane-sdk>=1.0.0->itl-controlplane-sdk[fastapi]>=1.0.0->itl-identity-provider==1.0.0) (0.7.0)
#49 2.326 Requirement already satisfied: pydantic-core==2.41.5 in /usr/local/lib/python3.11/site-packages (from pydantic<3.0.0,>=2.0.0->itl-controlplane-sdk>=1.0.0->itl-controlplane-sdk[fastapi]>=1.0.0->itl-identity-provider==1.0.0) (2.41.5)
#49 2.326 Requirement already satisfied: typing-inspection>=0.4.2 in /usr/local/lib/python3.11/site-packages (from pydantic<3.0.0,>=2.0.0->itl-controlplane-sdk>=1.0.0->itl-controlplane-sdk[fastapi]>=1.0.0->itl-identity-provider==1.0.0) (0.4.2)
#49 2.328 Requirement already satisfied: fastapi>=0.104.0 in /usr/local/lib/python3.11/site-packages (from itl-controlplane-sdk[fastapi]>=1.0.0->itl-identity-provider==1.0.0) (0.129.0)
#49 2.329 Requirement already satisfied: starlette>=0.27.0 in /usr/local/lib/python3.11/site-packages (from itl-controlplane-sdk[fastapi]>=1.0.0->itl-identity-provider==1.0.0) (0.52.1)
#49 2.330 Requirement already satisfied: annotated-doc>=0.0.2 in /usr/local/lib/python3.11/site-packages (from fastapi>=0.104.0->itl-controlplane-sdk[fastapi]>=1.0.0->itl-identity-provider==1.0.0) (0.0.4)
#49 2.359 Collecting pytz (from neo4j>=5.0.0->itl-identity-provider==1.0.0)
#49 2.371   Downloading pytz-2025.2-py2.py3-none-any.whl.metadata (22 kB)
#49 2.376 Requirement already satisfied: python-dotenv>=0.21.0 in /usr/local/lib/python3.11/site-packages (from pydantic-settings>=2.0.0->itl-controlplane-sdk>=1.0.0->itl-controlplane-sdk[fastapi]>=1.0.0->itl-identity-provider==1.0.0) (1.2.1)
#49 2.400 Collecting aiofiles>=24.1.0 (from python-keycloak>=3.9.0->itl-identity-provider==1.0.0)
#49 2.419   Downloading aiofiles-25.1.0-py3-none-any.whl.metadata (6.3 kB)
#49 2.438 Collecting deprecation>=2.1.0 (from python-keycloak>=3.9.0->itl-identity-provider==1.0.0)
#49 2.450   Downloading deprecation-2.1.0-py2.py3-none-any.whl.metadata (4.6 kB)
#49 2.562 Collecting jwcrypto>=1.5.4 (from python-keycloak>=3.9.0->itl-identity-provider==1.0.0)
#49 2.571   Downloading jwcrypto-1.5.6-py3-none-any.whl.metadata (3.1 kB)
#49 2.578 Requirement already satisfied: requests>=2.20.0 in /usr/local/lib/python3.11/site-packages (from python-keycloak>=3.9.0->itl-identity-provider==1.0.0) (2.32.5)
#49 2.587 Collecting requests-toolbelt>=0.6.0 (from python-keycloak>=3.9.0->itl-identity-provider==1.0.0)
#49 2.595   Downloading requests_toolbelt-1.0.0-py2.py3-none-any.whl.metadata (14 kB)
#49 2.628 Collecting packaging (from deprecation>=2.1.0->python-keycloak>=3.9.0->itl-identity-provider==1.0.0)
#49 2.635   Downloading packaging-26.0-py3-none-any.whl.metadata (3.3 kB)
#49 2.638 Requirement already satisfied: charset_normalizer<4,>=2 in /usr/local/lib/python3.11/site-packages (from requests>=2.20.0->python-keycloak>=3.9.0->itl-identity-provider==1.0.0) (3.4.4)
#49 2.638 Requirement already satisfied: urllib3<3,>=1.21.1 in /usr/local/lib/python3.11/site-packages (from requests>=2.20.0->python-keycloak>=3.9.0->itl-identity-provider==1.0.0) (2.6.3)
#49 2.643 Requirement already satisfied: click>=7.0 in /usr/local/lib/python3.11/site-packages (from uvicorn>=0.27.0->itl-identity-provider==1.0.0) (8.3.1)
#49 2.645 Requirement already satisfied: httptools>=0.6.3 in /usr/local/lib/python3.11/site-packages (from uvicorn[standard]>=0.24.0; extra == "fastapi"->itl-controlplane-sdk[fastapi]>=1.0.0->itl-identity-provider==1.0.0) (0.7.1)
#49 2.646 Requirement already satisfied: uvloop>=0.15.1 in /usr/local/lib/python3.11/site-packages (from uvicorn[standard]>=0.24.0; extra == "fastapi"->itl-controlplane-sdk[fastapi]>=1.0.0->itl-identity-provider==1.0.0) (0.22.1)
#49 2.646 Requirement already satisfied: watchfiles>=0.13 in /usr/local/lib/python3.11/site-packages (from uvicorn[standard]>=0.24.0; extra == "fastapi"->itl-controlplane-sdk[fastapi]>=1.0.0->itl-identity-provider==1.0.0) (1.1.1)
#49 2.646 Requirement already satisfied: websockets>=10.4 in /usr/local/lib/python3.11/site-packages (from uvicorn[standard]>=0.24.0; extra == "fastapi"->itl-controlplane-sdk[fastapi]>=1.0.0->itl-identity-provider==1.0.0) (16.0)
#49 2.664 Downloading cryptography-46.0.5-cp311-abi3-musllinux_1_2_x86_64.whl (4.7 MB)
#49 2.916    ━━━━━━━━━━━━━━━━━━━━━━━━━━━━━━━━━━━━━━━━ 4.7/4.7 MB 19.3 MB/s  0:00:00
#49 2.923 Downloading cffi-2.0.0-cp311-cp311-musllinux_1_2_x86_64.whl (217 kB)
#49 2.944 Downloading httpx-0.28.1-py3-none-any.whl (73 kB)
#49 2.958 Downloading httpcore-1.0.9-py3-none-any.whl (78 kB)
#49 2.970 Downloading neo4j-6.1.0-py3-none-any.whl (325 kB)
#49 3.026 Downloading pyjwt-2.11.0-py3-none-any.whl (28 kB)
#49 3.276 Downloading python_keycloak-7.1.0-py3-none-any.whl (87 kB)
#49 3.290 Downloading aiofiles-25.1.0-py3-none-any.whl (14 kB)
#49 3.297 Downloading deprecation-2.1.0-py2.py3-none-any.whl (11 kB)
#49 3.311 Downloading jwcrypto-1.5.6-py3-none-any.whl (92 kB)
#49 3.323 Downloading requests_toolbelt-1.0.0-py2.py3-none-any.whl (54 kB)
#49 3.336 Downloading packaging-26.0-py3-none-any.whl (74 kB)
#49 3.348 Downloading pycparser-3.0-py3-none-any.whl (48 kB)
#49 3.357 Downloading pytz-2025.2-py2.py3-none-any.whl (509 kB)
#49 3.412 Building wheels for collected packages: itl-identity-provider
#49 3.413   Building editable for itl-identity-provider (pyproject.toml): started
#49 3.548   Building editable for itl-identity-provider (pyproject.toml): finished with status 'done'
#49 3.549   Created wheel for itl-identity-provider: filename=itl_identity_provider-1.0.0-0.editable-py3-none-any.whl size=3101 sha256=233349a241b89a497b1bf51733d186ecd89b0c166de541a405f251110041d75e
#49 3.549   Stored in directory: /tmp/pip-ephem-wheel-cache-25zixly2/wheels/57/0f/98/bb57b2b57b95807699b822a35c022f139d38a02c27922f27ce
#49 3.550 Successfully built itl-identity-provider
#49 3.581 Installing collected packages: pytz, PyJWT, pycparser, packaging, neo4j, httpcore, aiofiles, requests-toolbelt, httpx, deprecation, cffi, cryptography, jwcrypto, python-keycloak, itl-identity-provider
#49 4.449 
#49 4.451 Successfully installed PyJWT-2.11.0 aiofiles-25.1.0 cffi-2.0.0 cryptography-46.0.5 deprecation-2.1.0 httpcore-1.0.9 httpx-0.28.1 itl-identity-provider-1.0.0 jwcrypto-1.5.6 neo4j-6.1.0 packaging-26.0 pycparser-3.0 python-keycloak-7.1.0 pytz-2025.2 requests-toolbelt-1.0.0
#49 4.451 WARNING: Running pip as the 'root' user can result in broken permissions and conflicting behaviour with the system package manager, possibly rendering your system unusable. It is recommended to use a virtual environment instead: https://pip.pypa.io/warnings/venv. Use the --root-user-action option if you know what you are doing and want to suppress this warning.
#49 DONE 4.6s

#50 [identity-provider  9/12] COPY ITL.ControlPlane.ResourceProvider.Identity/config/ ./config/
#50 DONE 0.1s

#51 [core-provider runtime  7/14] RUN pip install --no-cache-dir ./ITL.ControlPanel.SDK[fastapi,persistence-sqlalchemy]
#51 0.782 Processing ./ITL.ControlPanel.SDK
#51 0.784   Installing build dependencies: started
#51 1.480   Installing build dependencies: finished with status 'done'
#51 1.481   Getting requirements to build wheel: started
#51 1.827   Getting requirements to build wheel: finished with status 'done'
#51 1.828   Preparing metadata (pyproject.toml): started
#51 1.954   Preparing metadata (pyproject.toml): finished with status 'done'
#51 1.961 Requirement already satisfied: pydantic<3.0.0,>=2.0.0 in /usr/local/lib/python3.11/site-packages (from itl-controlplane-sdk==1.0.0) (2.12.5)
#51 1.961 Requirement already satisfied: typing-extensions>=4.0.0 in /usr/local/lib/python3.11/site-packages (from itl-controlplane-sdk==1.0.0) (4.15.0)
#51 1.961 Requirement already satisfied: pydantic-settings>=2.0.0 in /usr/local/lib/python3.11/site-packages (from itl-controlplane-sdk==1.0.0) (2.12.0)
#51 1.962 Requirement already satisfied: prometheus-client>=0.17.0 in /usr/local/lib/python3.11/site-packages (from itl-controlplane-sdk==1.0.0) (0.24.1)
#51 1.963 Requirement already satisfied: fastapi>=0.104.0 in /usr/local/lib/python3.11/site-packages (from itl-controlplane-sdk==1.0.0) (0.129.0)
#51 1.963 Requirement already satisfied: uvicorn>=0.24.0 in /usr/local/lib/python3.11/site-packages (from uvicorn[standard]>=0.24.0; extra == "fastapi"->itl-controlplane-sdk==1.0.0) (0.40.0)
#51 1.964 Requirement already satisfied: starlette>=0.27.0 in /usr/local/lib/python3.11/site-packages (from itl-controlplane-sdk==1.0.0) (0.52.1)
#51 1.964 Requirement already satisfied: sqlalchemy>=2.0.0 in /usr/local/lib/python3.11/site-packages (from sqlalchemy[asyncio]>=2.0.0; extra == "persistence-sqlalchemy"->itl-controlplane-sdk==1.0.0) (2.0.46)
#51 1.965 Requirement already satisfied: asyncpg>=0.29.0 in /usr/local/lib/python3.11/site-packages (from itl-controlplane-sdk==1.0.0) (0.31.0)
#51 1.965 Requirement already satisfied: alembic>=1.13.0 in /usr/local/lib/python3.11/site-packages (from itl-controlplane-sdk==1.0.0) (1.18.4)
#51 1.967 Requirement already satisfied: annotated-types>=0.6.0 in /usr/local/lib/python3.11/site-packages (from pydantic<3.0.0,>=2.0.0->itl-controlplane-sdk==1.0.0) (0.7.0)
#51 1.967 Requirement already satisfied: pydantic-core==2.41.5 in /usr/local/lib/python3.11/site-packages (from pydantic<3.0.0,>=2.0.0->itl-controlplane-sdk==1.0.0) (2.41.5)
#51 1.968 Requirement already satisfied: typing-inspection>=0.4.2 in /usr/local/lib/python3.11/site-packages (from pydantic<3.0.0,>=2.0.0->itl-controlplane-sdk==1.0.0) (0.4.2)
#51 1.969 Requirement already satisfied: Mako in /usr/local/lib/python3.11/site-packages (from alembic>=1.13.0->itl-controlplane-sdk==1.0.0) (1.3.10)
#51 1.972 Requirement already satisfied: annotated-doc>=0.0.2 in /usr/local/lib/python3.11/site-packages (from fastapi>=0.104.0->itl-controlplane-sdk==1.0.0) (0.0.4)
#51 1.974 Requirement already satisfied: anyio<5,>=3.6.2 in /usr/local/lib/python3.11/site-packages (from starlette>=0.27.0->itl-controlplane-sdk==1.0.0) (4.12.1)
#51 1.975 Requirement already satisfied: idna>=2.8 in /usr/local/lib/python3.11/site-packages (from anyio<5,>=3.6.2->starlette>=0.27.0->itl-controlplane-sdk==1.0.0) (3.11)
#51 1.977 Requirement already satisfied: python-dotenv>=0.21.0 in /usr/local/lib/python3.11/site-packages (from pydantic-settings>=2.0.0->itl-controlplane-sdk==1.0.0) (1.2.1)
#51 1.980 Requirement already satisfied: greenlet>=1 in /usr/local/lib/python3.11/site-packages (from sqlalchemy>=2.0.0->sqlalchemy[asyncio]>=2.0.0; extra == "persistence-sqlalchemy"->itl-controlplane-sdk==1.0.0) (3.3.1)
#51 1.985 Requirement already satisfied: click>=7.0 in /usr/local/lib/python3.11/site-packages (from uvicorn>=0.24.0->uvicorn[standard]>=0.24.0; extra == "fastapi"->itl-controlplane-sdk==1.0.0) (8.3.1)
#51 1.985 Requirement already satisfied: h11>=0.8 in /usr/local/lib/python3.11/site-packages (from uvicorn>=0.24.0->uvicorn[standard]>=0.24.0; extra == "fastapi"->itl-controlplane-sdk==1.0.0) (0.16.0)
#51 1.987 Requirement already satisfied: httptools>=0.6.3 in /usr/local/lib/python3.11/site-packages (from uvicorn[standard]>=0.24.0; extra == "fastapi"->itl-controlplane-sdk==1.0.0) (0.7.1)
#51 1.988 Requirement already satisfied: pyyaml>=5.1 in /usr/local/lib/python3.11/site-packages (from uvicorn[standard]>=0.24.0; extra == "fastapi"->itl-controlplane-sdk==1.0.0) (6.0.3)
#51 1.988 Requirement already satisfied: uvloop>=0.15.1 in /usr/local/lib/python3.11/site-packages (from uvicorn[standard]>=0.24.0; extra == "fastapi"->itl-controlplane-sdk==1.0.0) (0.22.1)
#51 1.989 Requirement already satisfied: watchfiles>=0.13 in /usr/local/lib/python3.11/site-packages (from uvicorn[standard]>=0.24.0; extra == "fastapi"->itl-controlplane-sdk==1.0.0) (1.1.1)
#51 1.989 Requirement already satisfied: websockets>=10.4 in /usr/local/lib/python3.11/site-packages (from uvicorn[standard]>=0.24.0; extra == "fastapi"->itl-controlplane-sdk==1.0.0) (16.0)
#51 1.993 Requirement already satisfied: MarkupSafe>=0.9.2 in /usr/local/lib/python3.11/site-packages (from Mako->alembic>=1.13.0->itl-controlplane-sdk==1.0.0) (3.0.3)
#51 1.995 Building wheels for collected packages: itl-controlplane-sdk
#51 1.997   Building wheel for itl-controlplane-sdk (pyproject.toml): started
#51 2.282   Building wheel for itl-controlplane-sdk (pyproject.toml): finished with status 'done'
#51 2.282   Created wheel for itl-controlplane-sdk: filename=itl_controlplane_sdk-1.0.0-py3-none-any.whl size=284710 sha256=90b7082077e4f513ba135e0e337f79963725f0c9e9bf1c6d1d2f32be6ade6af5
#51 2.283   Stored in directory: /tmp/pip-ephem-wheel-cache-k_riiczf/wheels/40/b3/fd/7258b6fe2c9df3e17f93790dd340ed5a06c472086caad0c995
#51 2.288 Successfully built itl-controlplane-sdk
#51 2.310 Installing collected packages: itl-controlplane-sdk
#51 2.310   Attempting uninstall: itl-controlplane-sdk
#51 2.313     Found existing installation: itl-controlplane-sdk 1.0.0
#51 2.326     Uninstalling itl-controlplane-sdk-1.0.0:
#51 2.392       Successfully uninstalled itl-controlplane-sdk-1.0.0
#51 2.555 Successfully installed itl-controlplane-sdk-1.0.0
#51 2.555 WARNING: Running pip as the 'root' user can result in broken permissions and conflicting behaviour with the system package manager, possibly rendering your system unusable. It is recommended to use a virtual environment instead: https://pip.pypa.io/warnings/venv. Use the --root-user-action option if you know what you are doing and want to suppress this warning.
#51 2.628 
#51 2.628 [notice] A new release of pip is available: 24.0 -> 26.0.1
#51 2.628 [notice] To update, run: pip install --upgrade pip
#51 DONE 2.8s

#52 [identity-provider 10/12] COPY ITL.ControlPlane.ResourceProvider.Identity/src/ ./src/
#52 DONE 0.1s

#53 [core-provider runtime  8/14] COPY ITL.ControlPlane.ResourceProvider.Core/core-provider/src/ ./src/
#53 DONE 0.1s

#54 [identity-provider 11/12] COPY ITL.ControlPlane.ResourceProvider.Identity/entrypoint.py .
#54 DONE 0.1s

#55 [core-provider runtime  9/14] COPY ITL.ControlPlane.ResourceProvider.Core/core-provider/config/ ./config/
#55 DONE 0.1s

#56 [core-provider runtime 10/14] COPY ITL.ControlPlane.ResourceProvider.Core/core-provider/templates/ ./templates/
#56 DONE 0.1s

#57 [identity-provider 12/12] RUN useradd -m -u 1000 appuser &&     chown -R appuser:appuser /app
#57 ...

#58 [core-provider runtime 11/14] COPY ITL.ControlPlane.ResourceProvider.Core/core-provider/pyproject.toml .
#58 DONE 0.1s

#57 [identity-provider 12/12] RUN useradd -m -u 1000 appuser &&     chown -R appuser:appuser /app
#57 0.260 /bin/sh: useradd: not found
#57 ERROR: process "/bin/sh -c useradd -m -u 1000 appuser &&     chown -R appuser:appuser /app" did not complete successfully: exit code: 127

#59 [core-provider runtime 12/14] COPY ITL.ControlPlane.ResourceProvider.Core/core-provider/entrypoint.sh .
#59 DONE 0.1s

#60 [core-provider runtime 13/14] RUN pip install . --no-deps --no-build-isolation &&     chmod +x /app/entrypoint.sh
#60 ...

#41 [api-gateway builder 5/6] RUN pip install --upgrade pip setuptools wheel &&     pip install --no-cache-dir -r api-requirements.txt
#41 CANCELED

#60 [core-provider runtime 13/14] RUN pip install . --no-deps --no-build-isolation &&     chmod +x /app/entrypoint.sh
#60 0.266 runc run failed: unable to start container process: can't get final child's PID from pipe: EOF
#60 CANCELED
------
 > [identity-provider 12/12] RUN useradd -m -u 1000 appuser &&     chown -R appuser:appuser /app:
0.260 /bin/sh: useradd: not found
------
Dockerfile:24

--------------------

  23 |     # Create non-root user

  24 | >>> RUN useradd -m -u 1000 appuser && \

  25 | >>>     chown -R appuser:appuser /app

  26 |     USER appuser

--------------------

target identity-provider: failed to solve: process "/bin/sh -c useradd -m -u 1000 appuser &&     chown -R appuser:appuser /app" did not complete successfully: exit code: 127

